Archive member included to satisfy reference by file (symbol)

C:/ST/STM32CubeIDE_1.19.0/STM32CubeIDE/plugins/com.st.stm32cube.ide.mcu.externaltools.gnu-tools-for-stm32.13.3.rel1.win32_1.0.0.202411081344/tools/bin/../lib/gcc/arm-none-eabi/13.3.1/../../../../arm-none-eabi/lib/thumb/v7e-m+fp/hard\libc_nano.a(libc_a-exit.o)
                              C:/ST/STM32CubeIDE_1.19.0/STM32CubeIDE/plugins/com.st.stm32cube.ide.mcu.externaltools.gnu-tools-for-stm32.13.3.rel1.win32_1.0.0.202411081344/tools/bin/../lib/gcc/arm-none-eabi/13.3.1/../../../../arm-none-eabi/lib/thumb/v7e-m+fp/hard/crt0.o (exit)
C:/ST/STM32CubeIDE_1.19.0/STM32CubeIDE/plugins/com.st.stm32cube.ide.mcu.externaltools.gnu-tools-for-stm32.13.3.rel1.win32_1.0.0.202411081344/tools/bin/../lib/gcc/arm-none-eabi/13.3.1/../../../../arm-none-eabi/lib/thumb/v7e-m+fp/hard\libc_nano.a(libc_a-malloc.o)
                              ./Core/Src/ClassSnake.o (malloc)
C:/ST/STM32CubeIDE_1.19.0/STM32CubeIDE/plugins/com.st.stm32cube.ide.mcu.externaltools.gnu-tools-for-stm32.13.3.rel1.win32_1.0.0.202411081344/tools/bin/../lib/gcc/arm-none-eabi/13.3.1/../../../../arm-none-eabi/lib/thumb/v7e-m+fp/hard\libc_nano.a(libc_a-mallocr.o)
                              C:/ST/STM32CubeIDE_1.19.0/STM32CubeIDE/plugins/com.st.stm32cube.ide.mcu.externaltools.gnu-tools-for-stm32.13.3.rel1.win32_1.0.0.202411081344/tools/bin/../lib/gcc/arm-none-eabi/13.3.1/../../../../arm-none-eabi/lib/thumb/v7e-m+fp/hard\libc_nano.a(libc_a-malloc.o) (_malloc_r)
C:/ST/STM32CubeIDE_1.19.0/STM32CubeIDE/plugins/com.st.stm32cube.ide.mcu.externaltools.gnu-tools-for-stm32.13.3.rel1.win32_1.0.0.202411081344/tools/bin/../lib/gcc/arm-none-eabi/13.3.1/../../../../arm-none-eabi/lib/thumb/v7e-m+fp/hard\libc_nano.a(libc_a-mlock.o)
                              C:/ST/STM32CubeIDE_1.19.0/STM32CubeIDE/plugins/com.st.stm32cube.ide.mcu.externaltools.gnu-tools-for-stm32.13.3.rel1.win32_1.0.0.202411081344/tools/bin/../lib/gcc/arm-none-eabi/13.3.1/../../../../arm-none-eabi/lib/thumb/v7e-m+fp/hard\libc_nano.a(libc_a-mallocr.o) (__malloc_lock)
C:/ST/STM32CubeIDE_1.19.0/STM32CubeIDE/plugins/com.st.stm32cube.ide.mcu.externaltools.gnu-tools-for-stm32.13.3.rel1.win32_1.0.0.202411081344/tools/bin/../lib/gcc/arm-none-eabi/13.3.1/../../../../arm-none-eabi/lib/thumb/v7e-m+fp/hard\libc_nano.a(libc_a-rand.o)
                              ./Core/Src/ClassSnake.o (rand)
C:/ST/STM32CubeIDE_1.19.0/STM32CubeIDE/plugins/com.st.stm32cube.ide.mcu.externaltools.gnu-tools-for-stm32.13.3.rel1.win32_1.0.0.202411081344/tools/bin/../lib/gcc/arm-none-eabi/13.3.1/../../../../arm-none-eabi/lib/thumb/v7e-m+fp/hard\libc_nano.a(libc_a-findfp.o)
                              ./Middlewares/Third_Party/FreeRTOS/Source/tasks.o (__sf)
C:/ST/STM32CubeIDE_1.19.0/STM32CubeIDE/plugins/com.st.stm32cube.ide.mcu.externaltools.gnu-tools-for-stm32.13.3.rel1.win32_1.0.0.202411081344/tools/bin/../lib/gcc/arm-none-eabi/13.3.1/../../../../arm-none-eabi/lib/thumb/v7e-m+fp/hard\libc_nano.a(libc_a-fwalk.o)
                              C:/ST/STM32CubeIDE_1.19.0/STM32CubeIDE/plugins/com.st.stm32cube.ide.mcu.externaltools.gnu-tools-for-stm32.13.3.rel1.win32_1.0.0.202411081344/tools/bin/../lib/gcc/arm-none-eabi/13.3.1/../../../../arm-none-eabi/lib/thumb/v7e-m+fp/hard\libc_nano.a(libc_a-findfp.o) (_fwalk_sglue)
C:/ST/STM32CubeIDE_1.19.0/STM32CubeIDE/plugins/com.st.stm32cube.ide.mcu.externaltools.gnu-tools-for-stm32.13.3.rel1.win32_1.0.0.202411081344/tools/bin/../lib/gcc/arm-none-eabi/13.3.1/../../../../arm-none-eabi/lib/thumb/v7e-m+fp/hard\libc_nano.a(libc_a-sprintf.o)
                              ./Core/Src/freertos.o (sprintf)
C:/ST/STM32CubeIDE_1.19.0/STM32CubeIDE/plugins/com.st.stm32cube.ide.mcu.externaltools.gnu-tools-for-stm32.13.3.rel1.win32_1.0.0.202411081344/tools/bin/../lib/gcc/arm-none-eabi/13.3.1/../../../../arm-none-eabi/lib/thumb/v7e-m+fp/hard\libc_nano.a(libc_a-stdio.o)
                              C:/ST/STM32CubeIDE_1.19.0/STM32CubeIDE/plugins/com.st.stm32cube.ide.mcu.externaltools.gnu-tools-for-stm32.13.3.rel1.win32_1.0.0.202411081344/tools/bin/../lib/gcc/arm-none-eabi/13.3.1/../../../../arm-none-eabi/lib/thumb/v7e-m+fp/hard\libc_nano.a(libc_a-findfp.o) (__sread)
C:/ST/STM32CubeIDE_1.19.0/STM32CubeIDE/plugins/com.st.stm32cube.ide.mcu.externaltools.gnu-tools-for-stm32.13.3.rel1.win32_1.0.0.202411081344/tools/bin/../lib/gcc/arm-none-eabi/13.3.1/../../../../arm-none-eabi/lib/thumb/v7e-m+fp/hard\libc_nano.a(libc_a-memcmp.o)
                              ./Middlewares/Third_Party/FreeRTOS/Source/tasks.o (memcmp)
C:/ST/STM32CubeIDE_1.19.0/STM32CubeIDE/plugins/com.st.stm32cube.ide.mcu.externaltools.gnu-tools-for-stm32.13.3.rel1.win32_1.0.0.202411081344/tools/bin/../lib/gcc/arm-none-eabi/13.3.1/../../../../arm-none-eabi/lib/thumb/v7e-m+fp/hard\libc_nano.a(libc_a-memset.o)
[...]
Memory Configuration

Name             Origin             Length             Attributes
RAM              0x20000000         0x00018000         xrw
FLASH            0x08000000         0x00080000         xr
*default*        0x00000000         0xffffffff

Linker script and memory map

LOAD C:/ST/STM32CubeIDE_1.19.0/STM32CubeIDE/plugins/com.st.stm32cube.ide.mcu.externaltools.gnu-tools-for-stm32.13.3.rel1.win32_1.0.0.202411081344/tools/bin/../lib/gcc/arm-none-eabi/13.3.1/thumb/v7e-m+fp/hard/crti.o
LOAD C:/ST/STM32CubeIDE_1.19.0/STM32CubeIDE/plugins/com.st.stm32cube.ide.mcu.externaltools.gnu-tools-for-stm32.13.3.rel1.win32_1.0.0.202411081344/tools/bin/../lib/gcc/arm-none-eabi/13.3.1/thumb/v7e-m+fp/hard/crtbegin.o
LOAD C:/ST/STM32CubeIDE_1.19.0/STM32CubeIDE/plugins/com.st.stm32cube.ide.mcu.externaltools.gnu-tools-for-stm32.13.3.rel1.win32_1.0.0.202411081344/tools/bin/../lib/gcc/arm-none-eabi/13.3.1/../../../../arm-none-eabi/lib/thumb/v7e-m+fp/hard/crt0.o
LOAD ./Core/Src/ClassSnake.o
LOAD ./Core/Src/MyFunctions.o
LOAD ./Core/Src/adc.o
LOAD ./Core/Src/dma.o
LOAD ./Core/Src/freertos.o
LOAD ./Core/Src/gpio.o
LOAD ./Core/Src/i2c.o
LOAD ./Core/Src/main.o
LOAD ./Core/Src/ssd1306.o
LOAD ./Core/Src/ssd1306_fonts.o
LOAD ./Core/Src/stm32f4xx_hal_msp.o
LOAD ./Core/Src/stm32f4xx_hal_timebase_tim.o
LOAD ./Core/Src/stm32f4xx_it.o
LOAD ./Core/Src/syscalls.o
LOAD ./Core/Src/sysmem.o
LOAD ./Core/Src/system_stm32f4xx.o
LOAD ./Core/Src/usart.o
LOAD ./Core/Startup/startup_stm32f401retx.o
LOAD ./Drivers/STM32F4xx_HAL_Driver/Src/stm32f4xx_hal.o
LOAD ./Drivers/STM32F4xx_HAL_Driver/Src/stm32f4xx_hal_adc.o
LOAD ./Drivers/STM32F4xx_HAL_Driver/Src/stm32f4xx_hal_adc_ex.o
LOAD ./Drivers/STM32F4xx_HAL_Driver/Src/stm32f4xx_hal_cortex.o
LOAD ./Drivers/STM32F4xx_HAL_Driver/Src/stm32f4xx_hal_dma.o
LOAD ./Drivers/STM32F4xx_HAL_Driver/Src/stm32f4xx_hal_dma_ex.o
LOAD ./Drivers/STM32F4xx_HAL_Driver/Src/stm32f4xx_hal_exti.o
LOAD ./Drivers/STM32F4xx_HAL_Driver/Src/stm32f4xx_hal_flash.o
LOAD ./Drivers/STM32F4xx_HAL_Driver/Src/stm32f4xx_hal_flash_ex.o
LOAD ./Drivers/STM32F4xx_HAL_Driver/Src/stm32f4xx_hal_flash_ramfunc.o
LOAD ./Drivers/STM32F4xx_HAL_Driver/Src/stm32f4xx_hal_gpio.o
LOAD ./Drivers/STM32F4xx_HAL_Driver/Src/stm32f4xx_hal_i2c.o
LOAD ./Drivers/STM32F4xx_HAL_Driver/Src/stm32f4xx_hal_i2c_ex.o
LOAD ./Drivers/STM32F4xx_HAL_Driver/Src/stm32f4xx_hal_pwr.o
LOAD ./Drivers/STM32F4xx_HAL_Driver/Src/stm32f4xx_hal_pwr_ex.o
LOAD ./Drivers/STM32F4xx_HAL_Driver/Src/stm32f4xx_hal_rcc.o
LOAD ./Drivers/STM32F4xx_HAL_Driver/Src/stm32f4xx_hal_rcc_ex.o
LOAD ./Drivers/STM32F4xx_HAL_Driver/Src/stm32f4xx_hal_tim.o
LOAD ./Drivers/STM32F4xx_HAL_Driver/Src/stm32f4xx_hal_tim_ex.o
LOAD ./Drivers/STM32F4xx_HAL_Driver/Src/stm32f4xx_hal_uart.o
LOAD ./Drivers/STM32F4xx_HAL_Driver/Src/stm32f4xx_ll_adc.o
LOAD ./Middlewares/Third_Party/FreeRTOS/Source/CMSIS_RTOS_V2/cmsis_os2.o
LOAD ./Middlewares/Third_Party/FreeRTOS/Source/croutine.o
LOAD ./Middlewares/Third_Party/FreeRTOS/Source/event_groups.o
LOAD ./Middlewares/Third_Party/FreeRTOS/Source/list.o
LOAD ./Middlewares/Third_Party/FreeRTOS/Source/queue.o
LOAD ./Middlewares/Third_Party/FreeRTOS/Source/stream_buffer.o
LOAD ./Middlewares/Third_Party/FreeRTOS/Source/tasks.o
LOAD ./Middlewares/Third_Party/FreeRTOS/Source/timers.o
LOAD ./Middlewares/Third_Party/FreeRTOS/Source/portable/GCC/ARM_CM4F/port.o
LOAD ./Middlewares/Third_Party/FreeRTOS/Source/portable/MemMang/heap_4.o
LOAD ./Middlewares/Third_Party/SEGGER/Config/SEGGER_SYSVIEW_Config_FreeRTOS.o
LOAD ./Middlewares/Third_Party/SEGGER/OS/SEGGER_SYSVIEW_FreeRTOS.o
LOAD ./Middlewares/Third_Party/SEGGER/Rec/HIF_UART.o
LOAD ./Middlewares/Third_Party/SEGGER/SEGGER/SEGGER_RTT.o
LOAD ./Middlewares/Third_Party/SEGGER/SEGGER/SEGGER_RTT_ASM_ARMv7M.o
LOAD ./Middlewares/Third_Party/SEGGER/SEGGER/SEGGER_RTT_printf.o
LOAD ./Middlewares/Third_Party/SEGGER/SEGGER/SEGGER_SYSVIEW.o
LOAD ./Middlewares/Third_Party/SEGGER/SEGGER/Syscalls/SEGGER_RTT_Syscalls_GCC.o
START GROUP
LOAD C:/ST/STM32CubeIDE_1.19.0/STM32CubeIDE/plugins/com.st.stm32cube.ide.mcu.externaltools.gnu-tools-for-stm32.13.3.rel1.win32_1.0.0.202411081344/tools/bin/../lib/gcc/arm-none-eabi/13.3.1/../../../../arm-none-eabi/lib/thumb/v7e-m+fp/hard\libc_nano.a
LOAD C:/ST/STM32CubeIDE_1.19.0/STM32CubeIDE/plugins/com.st.stm32cube.ide.mcu.externaltools.gnu-tools-for-stm32.13.3.rel1.win32_1.0.0.202411081344/tools/bin/../lib/gcc/arm-none-eabi/13.3.1/../../../../arm-none-eabi/lib/thumb/v7e-m+fp/hard\libm.a
END GROUP
START GROUP
LOAD C:/ST/STM32CubeIDE_1.19.0/STM32CubeIDE/plugins/com.st.stm32cube.ide.mcu.externaltools.gnu-tools-for-stm32.13.3.rel1.win32_1.0.0.202411081344/tools/bin/../lib/gcc/arm-none-eabi/13.3.1/thumb/v7e-m+fp/hard\libgcc.a
LOAD C:/ST/STM32CubeIDE_1.19.0/STM32CubeIDE/plugins/com.st.stm32cube.ide.mcu.externaltools.gnu-tools-for-stm32.13.3.rel1.win32_1.0.0.202411081344/tools/bin/../lib/gcc/arm-none-eabi/13.3.1/../../../../arm-none-eabi/lib/thumb/v7e-m+fp/hard\libc_nano.a
END GROUP
START GROUP
LOAD C:/ST/STM32CubeIDE_1.19.0/STM32CubeIDE/plugins/com.st.stm32cube.ide.mcu.externaltools.gnu-tools-for-stm32.13.3.rel1.win32_1.0.0.202411081344/tools/bin/../lib/gcc/arm-none-eabi/13.3.1/thumb/v7e-m+fp/hard\libgcc.a
LOAD C:/ST/STM32CubeIDE_1.19.0/STM32CubeIDE/plugins/com.st.stm32cube.ide.mcu.externaltools.gnu-tools-for-stm32.13.3.rel1.win32_1.0.0.202411081344/tools/bin/../lib/gcc/arm-none-eabi/13.3.1/../../../../arm-none-eabi/lib/thumb/v7e-m+fp/hard\libc_nano.a
LOAD C:/ST/STM32CubeIDE_1.19.0/STM32CubeIDE/plugins/com.st.stm32cube.ide.mcu.externaltools.gnu-tools-for-stm32.13.3.rel1.win32_1.0.0.202411081344/tools/bin/../lib/gcc/arm-none-eabi/13.3.1/../../../../arm-none-eabi/lib/thumb/v7e-m+fp/hard\libnosys.a
END GROUP
START GROUP
LOAD C:/ST/STM32CubeIDE_1.19.0/STM32CubeIDE/plugins/com.st.stm32cube.ide.mcu.externaltools.gnu-tools-for-stm32.13.3.rel1.win32_1.0.0.202411081344/tools/bin/../lib/gcc/arm-none-eabi/13.3.1/thumb/v7e-m+fp/hard\libgcc.a
LOAD C:/ST/STM32CubeIDE_1.19.0/STM32CubeIDE/plugins/com.st.stm32cube.ide.mcu.externaltools.gnu-tools-for-stm32.13.3.rel1.win32_1.0.0.202411081344/tools/bin/../lib/gcc/arm-none-eabi/13.3.1/../../../../arm-none-eabi/lib/thumb/v7e-m+fp/hard\libc_nano.a
LOAD C:/ST/STM32CubeIDE_1.19.0/STM32CubeIDE/plugins/com.st.stm32cube.ide.mcu.externaltools.gnu-tools-for-stm32.13.3.rel1.win32_1.0.0.202411081344/tools/bin/../lib/gcc/arm-none-eabi/13.3.1/../../../../arm-none-eabi/lib/thumb/v7e-m+fp/hard\libnosys.a
END GROUP
LOAD C:/ST/STM32CubeIDE_1.19.0/STM32CubeIDE/plugins/com.st.stm32cube.ide.mcu.externaltools.gnu-tools-for-stm32.13.3.rel1.win32_1.0.0.202411081344/tools/bin/../lib/gcc/arm-none-eabi/13.3.1/thumb/v7e-m+fp/hard/crtend.o
LOAD C:/ST/STM32CubeIDE_1.19.0/STM32CubeIDE/plugins/com.st.stm32cube.ide.mcu.externaltools.gnu-tools-for-stm32.13.3.rel1.win32_1.0.0.202411081344/tools/bin/../lib/gcc/arm-none-eabi/13.3.1/thumb/v7e-m+fp/hard/crtn.o
                0x20018000                        _estack = (ORIGIN (RAM) + LENGTH (RAM))
                0x00000200                        _Min_Heap_Size = 0x200
                0x00000400                        _Min_Stack_Size = 0x400

.isr_vector     0x08000000      0x194
                0x08000000                        . = ALIGN (0x4)
 *(.isr_vector)
 .isr_vector    0x08000000      0x194 ./Core/Startup/startup_stm32f401retx.o
                0x08000000                g_pfnVectors
                0x08000194                        . = ALIGN (0x4)

.text           0x080001a0     0xbe1c
                0x080001a0                        . = ALIGN (0x4)
 *(.text)
 .text          0x080001a0       0x40 C:/ST/STM32CubeIDE_1.19.0/STM32CubeIDE/plugins/com.st.stm32cube.ide.mcu.externaltools.gnu-tools-for-stm32.13.3.rel1.win32_1.0.0.202411081344/tools/bin/../lib/gcc/arm-none-eabi/13.3.1/thumb/v7e-m+fp/hard/crtbegin.o
 .text          0x080001e0       0x94 ./Middlewares/Third_Party/SEGGER/SEGGER/SEGGER_RTT_ASM_ARMv7M.o
                0x080001e0                SEGGER_RTT_ASM_WriteSkipNoLock
 *fill*         0x08000274        0xc 
 .text          0x08000280       0xa0 C:/ST/STM32CubeIDE_1.19.0/STM32CubeIDE/plugins/com.st.stm32cube.ide.mcu.externaltools.gnu-tools-for-stm32.13.3.rel1.win32_1.0.0.202411081344/tools/bin/../lib/gcc/arm-none-eabi/13.3.1/../../../../arm-none-eabi/lib/thumb/v7e-m+fp/hard\libc_nano.a(libc_a-memchr.o)
                0x08000280                memchr
 .text          0x08000320       0x30 C:/ST/STM32CubeIDE_1.19.0/STM32CubeIDE/plugins/com.st.stm32cube.ide.mcu.externaltools.gnu-tools-for-stm32.13.3.rel1.win32_1.0.0.202411081344/tools/bin/../lib/gcc/arm-none-eabi/13.3.1/thumb/v7e-m+fp/hard\libgcc.a(_aeabi_uldivmod.o)
                0x08000320                __aeabi_uldivmod
 .text          0x08000350      0x2f8 C:/ST/STM32CubeIDE_1.19.0/STM32CubeIDE/plugins/com.st.stm32cube.ide.mcu.externaltools.gnu-tools-for-stm32.13.3.rel1.win32_1.0.0.202411081344/tools/bin/../lib/gcc/arm-none-eabi/13.3.1/thumb/v7e-m+fp/hard\libgcc.a(_udivmoddi4.o)
                0x08000350                __udivmoddi4
 .text          0x08000648        0x4 C:/ST/STM32CubeIDE_1.19.0/STM32CubeIDE/plugins/com.st.stm32cube.ide.mcu.externaltools.gnu-tools-for-stm32.13.3.rel1.win32_1.0.0.202411081344/tools/bin/../lib/gcc/arm-none-eabi/13.3.1/thumb/v7e-m+fp/hard\libgcc.a(_dvmd_tls.o)
                0x08000648                __aeabi_idiv0
                0x08000648                __aeabi_ldiv0
 *(.text*)
 .text.Snake_SetUp
                0x0800064c      0x196 ./Core/Src/ClassSnake.o
                0x0800064c                Snake_SetUp
 .text.Snake_SetDir
                0x080007e2       0x36 ./Core/Src/ClassSnake.o
                0x080007e2                Snake_SetDir
 .text.Snake_SetFood
                0x08000818      0x122 ./Core/Src/ClassSnake.o
                0x08000818                Snake_SetFood
 *fill*         0x0800093a        0x2 
 .text.Snake_Detect
                0x0800093c       0xa8 ./Core/Src/ClassSnake.o
                0x0800093c                Snake_Detect
 .text.Snake_Move
                0x080009e4      0x230 ./Core/Src/ClassSnake.o
                0x080009e4                Snake_Move
 .text.Snake_Restart
                0x08000c14       0xfc ./Core/Src/ClassSnake.o
                0x08000c14                Snake_Restart
 .text.SetBigPixiv
                0x08000d10       0x80 ./Core/Src/MyFunctions.o
                0x08000d10                SetBigPixiv
 .text.MX_ADC1_Init
                0x08000d90       0xc0 ./Core/Src/adc.o
                0x08000d90                MX_ADC1_Init
 .text.HAL_ADC_MspInit
                0x08000e50       0xf0 ./Core/Src/adc.o
                0x08000e50                HAL_ADC_MspInit
 .text.MX_DMA_Init
                0x08000f40       0x40 ./Core/Src/dma.o
                0x08000f40                MX_DMA_Init
 .text.MX_FREERTOS_Init
                0x08000f80       0xec ./Core/Src/freertos.o
                0x08000f80                MX_FREERTOS_Init
 .text.StartDefaultTask
                0x0800106c       0x12 ./Core/Src/freertos.o
                0x0800106c                StartDefaultTask
 *fill*         0x0800107e        0x2 
 .text.StartGameLogic
                0x08001080      0x164 ./Core/Src/freertos.o
                0x08001080                StartGameLogic
 .text.StartStick
                0x080011e4       0xe4 ./Core/Src/freertos.o
                0x080011e4                StartStick
 .text.StartScreen
                0x080012c8      0x118 ./Core/Src/freertos.o
                0x080012c8                StartScreen
 .text.MX_GPIO_Init
                0x080013e0       0xdc ./Core/Src/gpio.o
                0x080013e0                MX_GPIO_Init
 .text.MX_I2C1_Init
                0x080014bc       0x5c ./Core/Src/i2c.o
                0x080014bc                MX_I2C1_Init
 .text.HAL_I2C_MspInit
                0x08001518       0x90 ./Core/Src/i2c.o
                0x08001518                HAL_I2C_MspInit
 .text.__NVIC_SetPriorityGrouping
                0x080015a8       0x48 ./Core/Src/main.o
 .text.main     0x080015f0       0x7c ./Core/Src/main.o
                0x080015f0                main
 .text.SystemClock_Config
                0x0800166c       0xd8 ./Core/Src/main.o
                0x0800166c                SystemClock_Config
 .text.HAL_TIM_PeriodElapsedCallback
                0x08001744       0x24 ./Core/Src/main.o
                0x08001744                HAL_TIM_PeriodElapsedCallback
 .text.Error_Handler
                0x08001768        0xc ./Core/Src/main.o
                0x08001768                Error_Handler
 .text.ssd1306_Reset
                0x08001774        0xe ./Core/Src/ssd1306.o
                0x08001774                ssd1306_Reset
 *fill*         0x08001782        0x2 
 .text.ssd1306_WriteCommand
                0x08001784       0x30 ./Core/Src/ssd1306.o
                0x08001784                ssd1306_WriteCommand
 .text.ssd1306_WriteData
                0x080017b4       0x34 ./Core/Src/ssd1306.o
                0x080017b4                ssd1306_WriteData
 .text.ssd1306_Init
                0x080017e8       0xd4 ./Core/Src/ssd1306.o
                0x080017e8                ssd1306_Init
 .text.ssd1306_Fill
                0x080018bc       0x30 ./Core/Src/ssd1306.o
                0x080018bc                ssd1306_Fill
 .text.ssd1306_UpdateScreen
                0x080018ec       0x50 ./Core/Src/ssd1306.o
                0x080018ec                ssd1306_UpdateScreen
 .text.ssd1306_DrawPixel
                0x0800193c       0xa8 ./Core/Src/ssd1306.o
                0x0800193c                ssd1306_DrawPixel
 .text.ssd1306_WriteChar
                0x080019e4      0x124 ./Core/Src/ssd1306.o
                0x080019e4                ssd1306_WriteChar
 .text.ssd1306_WriteString
                0x08001b08       0x4c ./Core/Src/ssd1306.o
                0x08001b08                ssd1306_WriteString
 .text.ssd1306_SetCursor
                0x08001b54       0x30 ./Core/Src/ssd1306.o
                0x08001b54                ssd1306_SetCursor
 .text.ssd1306_SetContrast
                0x08001b84       0x26 ./Core/Src/ssd1306.o
                0x08001b84                ssd1306_SetContrast
 *fill*         0x08001baa        0x2 
 .text.ssd1306_SetDisplayOn
                0x08001bac       0x3c ./Core/Src/ssd1306.o
                0x08001bac                ssd1306_SetDisplayOn
 .text.HAL_MspInit
                0x08001be8       0x58 ./Core/Src/stm32f4xx_hal_msp.o
                0x08001be8                HAL_MspInit
 .text.HAL_InitTick
                0x08001c40       0xe4 ./Core/Src/stm32f4xx_hal_timebase_tim.o
                0x08001c40                HAL_InitTick
 .text.NMI_Handler
                0x08001d24        0x8 ./Core/Src/stm32f4xx_it.o
                0x08001d24                NMI_Handler
 .text.HardFault_Handler
                0x08001d2c        0x8 ./Core/Src/stm32f4xx_it.o
                0x08001d2c                HardFault_Handler
 .text.MemManage_Handler
                0x08001d34        0x8 ./Core/Src/stm32f4xx_it.o
                0x08001d34                MemManage_Handler
 .text.BusFault_Handler
                0x08001d3c        0x8 ./Core/Src/stm32f4xx_it.o
                0x08001d3c                BusFault_Handler
 .text.UsageFault_Handler
                0x08001d44        0x8 ./Core/Src/stm32f4xx_it.o
                0x08001d44                UsageFault_Handler
 .text.DebugMon_Handler
                0x08001d4c        0xe ./Core/Src/stm32f4xx_it.o
                0x08001d4c                DebugMon_Handler
 *fill*         0x08001d5a        0x2 
 .text.TIM1_UP_TIM10_IRQHandler
                0x08001d5c       0x14 ./Core/Src/stm32f4xx_it.o
                0x08001d5c                TIM1_UP_TIM10_IRQHandler
 .text.DMA2_Stream0_IRQHandler
                0x08001d70       0x14 ./Core/Src/stm32f4xx_it.o
                0x08001d70                DMA2_Stream0_IRQHandler
 .text._getpid  0x08001d84       0x10 ./Core/Src/syscalls.o
                0x08001d84                _getpid
 .text._kill    0x08001d94       0x20 ./Core/Src/syscalls.o
                0x08001d94                _kill
 .text._exit    0x08001db4       0x16 ./Core/Src/syscalls.o
                0x08001db4                _exit
 .text._read    0x08001dca       0x3a ./Core/Src/syscalls.o
                0x08001dca                _read
 .text._close   0x08001e04       0x18 ./Core/Src/syscalls.o
                0x08001e04                _close
 .text._fstat   0x08001e1c       0x20 ./Core/Src/syscalls.o
                0x08001e1c                _fstat
 .text._isatty  0x08001e3c       0x16 ./Core/Src/syscalls.o
                0x08001e3c                _isatty
 .text._lseek   0x08001e52       0x1a ./Core/Src/syscalls.o
                0x08001e52                _lseek
 .text._sbrk    0x08001e6c       0x6c ./Core/Src/sysmem.o
                0x08001e6c                _sbrk
 .text.SystemInit
                0x08001ed8       0x24 ./Core/Src/system_stm32f4xx.o
                0x08001ed8                SystemInit
 .text.MX_USART2_UART_Init
                0x08001efc       0x54 ./Core/Src/usart.o
                0x08001efc                MX_USART2_UART_Init
 .text.HAL_UART_MspInit
                0x08001f50       0x90 ./Core/Src/usart.o
                0x08001f50                HAL_UART_MspInit
 .text.Reset_Handler
                0x08001fe0       0x50 ./Core/Startup/startup_stm32f401retx.o
                0x08001fe0                Reset_Handler
 .text.Default_Handler
                0x08002030        0x2 ./Core/Startup/startup_stm32f401retx.o
                0x08002030                RTC_Alarm_IRQHandler
                0x08002030                EXTI2_IRQHandler
                0x08002030                SPI4_IRQHandler
                0x08002030                TIM1_CC_IRQHandler
                0x08002030                DMA2_Stream5_IRQHandler
                0x08002030                DMA1_Stream5_IRQHandler
                0x08002030                PVD_IRQHandler
                0x08002030                SDIO_IRQHandler
                0x08002030                TAMP_STAMP_IRQHandler
                0x08002030                EXTI3_IRQHandler
                0x08002030                I2C3_ER_IRQHandler
                0x08002030                EXTI0_IRQHandler
                0x08002030                I2C2_EV_IRQHandler
                0x08002030                DMA1_Stream2_IRQHandler
                0x08002030                FPU_IRQHandler
                0x08002030                DMA2_Stream2_IRQHandler
                0x08002030                SPI1_IRQHandler
                0x08002030                TIM1_BRK_TIM9_IRQHandler
                0x08002030                DMA2_Stream3_IRQHandler
                0x08002030                USART6_IRQHandler
                0x08002030                TIM4_IRQHandler
                0x08002030                I2C1_EV_IRQHandler
                0x08002030                DMA1_Stream6_IRQHandler
                0x08002030                DMA1_Stream1_IRQHandler
                0x08002030                TIM3_IRQHandler
                0x08002030                RCC_IRQHandler
                0x08002030                Default_Handler
                0x08002030                EXTI15_10_IRQHandler
                0x08002030                ADC_IRQHandler
                0x08002030                DMA1_Stream7_IRQHandler
                0x08002030                TIM5_IRQHandler
                0x08002030                DMA2_Stream7_IRQHandler
                0x08002030                I2C3_EV_IRQHandler
                0x08002030                EXTI9_5_IRQHandler
                0x08002030                RTC_WKUP_IRQHandler
                0x08002030                SPI2_IRQHandler
                0x08002030                DMA1_Stream0_IRQHandler
                0x08002030                EXTI4_IRQHandler
                0x08002030                WWDG_IRQHandler
                0x08002030                TIM2_IRQHandler
                0x08002030                OTG_FS_WKUP_IRQHandler
                0x08002030                TIM1_TRG_COM_TIM11_IRQHandler
                0x08002030                EXTI1_IRQHandler
                0x08002030                I2C2_ER_IRQHandler
                0x08002030                DMA2_Stream1_IRQHandler
                0x08002030                FLASH_IRQHandler
                0x08002030                DMA2_Stream4_IRQHandler
                0x08002030                USART1_IRQHandler
                0x08002030                OTG_FS_IRQHandler
                0x08002030                SPI3_IRQHandler
                0x08002030                DMA1_Stream4_IRQHandler
                0x08002030                I2C1_ER_IRQHandler
                0x08002030                DMA2_Stream6_IRQHandler
                0x08002030                DMA1_Stream3_IRQHandler
 *fill*         0x08002032        0x2 
 .text.HAL_Init
                0x08002034       0x44 ./Drivers/STM32F4xx_HAL_Driver/Src/stm32f4xx_hal.o
                0x08002034                HAL_Init
 .text.HAL_IncTick
                0x08002078       0x28 ./Drivers/STM32F4xx_HAL_Driver/Src/stm32f4xx_hal.o
                0x08002078                HAL_IncTick
 .text.HAL_GetTick
                0x080020a0       0x18 ./Drivers/STM32F4xx_HAL_Driver/Src/stm32f4xx_hal.o
                0x080020a0                HAL_GetTick
 .text.HAL_Delay
                0x080020b8       0x48 ./Drivers/STM32F4xx_HAL_Driver/Src/stm32f4xx_hal.o
                0x080020b8                HAL_Delay
 .text.HAL_ADC_Init
                0x08002100       0x86 ./Drivers/STM32F4xx_HAL_Driver/Src/stm32f4xx_hal_adc.o
                0x08002100                HAL_ADC_Init
 *fill*         0x08002186        0x2 
 .text.HAL_ADC_Start_DMA
                0x08002188      0x1e8 ./Drivers/STM32F4xx_HAL_Driver/Src/stm32f4xx_hal_adc.o
                0x08002188                HAL_ADC_Start_DMA
 .text.HAL_ADC_ConvCpltCallback
                0x08002370       0x14 ./Drivers/STM32F4xx_HAL_Driver/Src/stm32f4xx_hal_adc.o
                0x08002370                HAL_ADC_ConvCpltCallback
 .text.HAL_ADC_ConvHalfCpltCallback
                0x08002384       0x14 ./Drivers/STM32F4xx_HAL_Driver/Src/stm32f4xx_hal_adc.o
                0x08002384                HAL_ADC_ConvHalfCpltCallback
 .text.HAL_ADC_ErrorCallback
                0x08002398       0x14 ./Drivers/STM32F4xx_HAL_Driver/Src/stm32f4xx_hal_adc.o
                0x08002398                HAL_ADC_ErrorCallback
 .text.HAL_ADC_ConfigChannel
                0x080023ac      0x244 ./Drivers/STM32F4xx_HAL_Driver/Src/stm32f4xx_hal_adc.o
                0x080023ac                HAL_ADC_ConfigChannel
 .text.ADC_Init
                0x080025f0      0x1f8 ./Drivers/STM32F4xx_HAL_Driver/Src/stm32f4xx_hal_adc.o
 .text.ADC_DMAConvCplt
                0x080027e8       0xba ./Drivers/STM32F4xx_HAL_Driver/Src/stm32f4xx_hal_adc.o
 .text.ADC_DMAHalfConvCplt
                0x080028a2       0x1c ./Drivers/STM32F4xx_HAL_Driver/Src/stm32f4xx_hal_adc.o
 .text.ADC_DMAError
                0x080028be       0x2e ./Drivers/STM32F4xx_HAL_Driver/Src/stm32f4xx_hal_adc.o
 .text.__NVIC_SetPriorityGrouping
                0x080028ec       0x48 ./Drivers/STM32F4xx_HAL_Driver/Src/stm32f4xx_hal_cortex.o
 .text.__NVIC_GetPriorityGrouping
                0x08002934       0x1c ./Drivers/STM32F4xx_HAL_Driver/Src/stm32f4xx_hal_cortex.o
 .text.__NVIC_EnableIRQ
                0x08002950       0x3c ./Drivers/STM32F4xx_HAL_Driver/Src/stm32f4xx_hal_cortex.o
 .text.__NVIC_SetPriority
                0x0800298c       0x54 ./Drivers/STM32F4xx_HAL_Driver/Src/stm32f4xx_hal_cortex.o
 .text.NVIC_EncodePriority
                0x080029e0       0x66 ./Drivers/STM32F4xx_HAL_Driver/Src/stm32f4xx_hal_cortex.o
 .text.HAL_NVIC_SetPriorityGrouping
                0x08002a46       0x16 ./Drivers/STM32F4xx_HAL_Driver/Src/stm32f4xx_hal_cortex.o
                0x08002a46                HAL_NVIC_SetPriorityGrouping
 .text.HAL_NVIC_SetPriority
                0x08002a5c       0x38 ./Drivers/STM32F4xx_HAL_Driver/Src/stm32f4xx_hal_cortex.o
                0x08002a5c                HAL_NVIC_SetPriority
 .text.HAL_NVIC_EnableIRQ
                0x08002a94       0x1c ./Drivers/STM32F4xx_HAL_Driver/Src/stm32f4xx_hal_cortex.o
                0x08002a94                HAL_NVIC_EnableIRQ
 .text.HAL_DMA_Init
                0x08002ab0      0x15c ./Drivers/STM32F4xx_HAL_Driver/Src/stm32f4xx_hal_dma.o
                0x08002ab0                HAL_DMA_Init
 .text.HAL_DMA_Start_IT
                0x08002c0c       0xb0 ./Drivers/STM32F4xx_HAL_Driver/Src/stm32f4xx_hal_dma.o
                0x08002c0c                HAL_DMA_Start_IT
 .text.HAL_DMA_IRQHandler
                0x08002cbc      0x314 ./Drivers/STM32F4xx_HAL_Driver/Src/stm32f4xx_hal_dma.o
                0x08002cbc                HAL_DMA_IRQHandler
 .text.DMA_SetConfig
                0x08002fd0       0x5c ./Drivers/STM32F4xx_HAL_Driver/Src/stm32f4xx_hal_dma.o
 .text.DMA_CalcBaseAndBitshift
                0x0800302c       0x6c ./Drivers/STM32F4xx_HAL_Driver/Src/stm32f4xx_hal_dma.o
 .text.DMA_CheckFifoParam
                0x08003098       0xf8 ./Drivers/STM32F4xx_HAL_Driver/Src/stm32f4xx_hal_dma.o
 .text.HAL_GPIO_Init
                0x08003190      0x308 ./Drivers/STM32F4xx_HAL_Driver/Src/stm32f4xx_hal_gpio.o
                0x08003190                HAL_GPIO_Init
 .text.HAL_GPIO_WritePin
                0x08003498       0x32 ./Drivers/STM32F4xx_HAL_Driver/Src/stm32f4xx_hal_gpio.o
                0x08003498                HAL_GPIO_WritePin
 *fill*         0x080034ca        0x2 
 .text.HAL_I2C_Init
                0x080034cc      0x288 ./Drivers/STM32F4xx_HAL_Driver/Src/stm32f4xx_hal_i2c.o
                0x080034cc                HAL_I2C_Init
 .text.HAL_I2C_Mem_Write
                0x08003754      0x1f4 ./Drivers/STM32F4xx_HAL_Driver/Src/stm32f4xx_hal_i2c.o
                0x08003754                HAL_I2C_Mem_Write
 .text.I2C_RequestMemoryWrite
                0x08003948      0x12c ./Drivers/STM32F4xx_HAL_Driver/Src/stm32f4xx_hal_i2c.o
 .text.I2C_WaitOnFlagUntilTimeout
                0x08003a74       0xf4 ./Drivers/STM32F4xx_HAL_Driver/Src/stm32f4xx_hal_i2c.o
 .text.I2C_WaitOnMasterAddressFlagUntilTimeout
                0x08003b68      0x140 ./Drivers/STM32F4xx_HAL_Driver/Src/stm32f4xx_hal_i2c.o
 .text.I2C_WaitOnTXEFlagUntilTimeout
                0x08003ca8       0x90 ./Drivers/STM32F4xx_HAL_Driver/Src/stm32f4xx_hal_i2c.o
 .text.I2C_WaitOnBTFFlagUntilTimeout
                0x08003d38       0x90 ./Drivers/STM32F4xx_HAL_Driver/Src/stm32f4xx_hal_i2c.o
 .text.I2C_IsAcknowledgeFailed
                0x08003dc8       0x5e ./Drivers/STM32F4xx_HAL_Driver/Src/stm32f4xx_hal_i2c.o
 *fill*         0x08003e26        0x2 
 .text.HAL_RCC_OscConfig
                0x08003e28      0x4f0 ./Drivers/STM32F4xx_HAL_Driver/Src/stm32f4xx_hal_rcc.o
                0x08003e28                HAL_RCC_OscConfig
 .text.HAL_RCC_ClockConfig
                0x08004318      0x1cc ./Drivers/STM32F4xx_HAL_Driver/Src/stm32f4xx_hal_rcc.o
                0x08004318                HAL_RCC_ClockConfig
 .text.HAL_RCC_GetSysClockFreq
                0x080044e4      0x20c ./Drivers/STM32F4xx_HAL_Driver/Src/stm32f4xx_hal_rcc.o
                0x080044e4                HAL_RCC_GetSysClockFreq
 .text.HAL_RCC_GetHCLKFreq
                0x080046f0       0x18 ./Drivers/STM32F4xx_HAL_Driver/Src/stm32f4xx_hal_rcc.o
                0x080046f0                HAL_RCC_GetHCLKFreq
 .text.HAL_RCC_GetPCLK1Freq
                0x08004708       0x28 ./Drivers/STM32F4xx_HAL_Driver/Src/stm32f4xx_hal_rcc.o
                0x08004708                HAL_RCC_GetPCLK1Freq
 .text.HAL_RCC_GetPCLK2Freq
                0x08004730       0x28 ./Drivers/STM32F4xx_HAL_Driver/Src/stm32f4xx_hal_rcc.o
                0x08004730                HAL_RCC_GetPCLK2Freq
 .text.HAL_RCC_GetClockConfig
                0x08004758       0x64 ./Drivers/STM32F4xx_HAL_Driver/Src/stm32f4xx_hal_rcc.o
                0x08004758                HAL_RCC_GetClockConfig
 .text.HAL_TIM_Base_Init
                0x080047bc       0x9e ./Drivers/STM32F4xx_HAL_Driver/Src/stm32f4xx_hal_tim.o
                0x080047bc                HAL_TIM_Base_Init
 .text.HAL_TIM_Base_MspInit
                0x0800485a       0x14 ./Drivers/STM32F4xx_HAL_Driver/Src/stm32f4xx_hal_tim.o
                0x0800485a                HAL_TIM_Base_MspInit
 *fill*         0x0800486e        0x2 
 .text.HAL_TIM_Base_Start_IT
                0x08004870       0xc4 ./Drivers/STM32F4xx_HAL_Driver/Src/stm32f4xx_hal_tim.o
                0x08004870                HAL_TIM_Base_Start_IT
 .text.HAL_TIM_IRQHandler
                0x08004934      0x1e0 ./Drivers/STM32F4xx_HAL_Driver/Src/stm32f4xx_hal_tim.o
                0x08004934                HAL_TIM_IRQHandler
 .text.HAL_TIM_OC_DelayElapsedCallback
                0x08004b14       0x14 ./Drivers/STM32F4xx_HAL_Driver/Src/stm32f4xx_hal_tim.o
                0x08004b14                HAL_TIM_OC_DelayElapsedCallback
 .text.HAL_TIM_IC_CaptureCallback
                0x08004b28       0x14 ./Drivers/STM32F4xx_HAL_Driver/Src/stm32f4xx_hal_tim.o
                0x08004b28                HAL_TIM_IC_CaptureCallback
 .text.HAL_TIM_PWM_PulseFinishedCallback
                0x08004b3c       0x14 ./Drivers/STM32F4xx_HAL_Driver/Src/stm32f4xx_hal_tim.o
                0x08004b3c                HAL_TIM_PWM_PulseFinishedCallback
 .text.HAL_TIM_TriggerCallback
                0x08004b50       0x14 ./Drivers/STM32F4xx_HAL_Driver/Src/stm32f4xx_hal_tim.o
                0x08004b50                HAL_TIM_TriggerCallback
 .text.TIM_Base_SetConfig
                0x08004b64      0x10c ./Drivers/STM32F4xx_HAL_Driver/Src/stm32f4xx_hal_tim.o
                0x08004b64                TIM_Base_SetConfig
 .text.HAL_TIMEx_CommutCallback
                0x08004c70       0x14 ./Drivers/STM32F4xx_HAL_Driver/Src/stm32f4xx_hal_tim_ex.o
                0x08004c70                HAL_TIMEx_CommutCallback
 .text.HAL_TIMEx_BreakCallback
                0x08004c84       0x14 ./Drivers/STM32F4xx_HAL_Driver/Src/stm32f4xx_hal_tim_ex.o
                0x08004c84                HAL_TIMEx_BreakCallback
 .text.HAL_UART_Init
                0x08004c98       0xa0 ./Drivers/STM32F4xx_HAL_Driver/Src/stm32f4xx_hal_uart.o
                0x08004c98                HAL_UART_Init
 .text.UART_SetConfig
                0x08004d38      0x4e8 ./Drivers/STM32F4xx_HAL_Driver/Src/stm32f4xx_hal_uart.o
 .text.__NVIC_SetPriority
                0x08005220       0x54 ./Middlewares/Third_Party/FreeRTOS/Source/CMSIS_RTOS_V2/cmsis_os2.o
 .text.SysTick_Handler
                0x08005274       0x20 ./Middlewares/Third_Party/FreeRTOS/Source/CMSIS_RTOS_V2/cmsis_os2.o
                0x08005274                SysTick_Handler
 .text.SVC_Setup
                0x08005294       0x12 ./Middlewares/Third_Party/FreeRTOS/Source/CMSIS_RTOS_V2/cmsis_os2.o
 *fill*         0x080052a6        0x2 
 .text.osKernelInitialize
                0x080052a8       0x48 ./Middlewares/Third_Party/FreeRTOS/Source/CMSIS_RTOS_V2/cmsis_os2.o
                0x080052a8                osKernelInitialize
 .text.osKernelStart
                0x080052f0       0x4c ./Middlewares/Third_Party/FreeRTOS/Source/CMSIS_RTOS_V2/cmsis_os2.o
                0x080052f0                osKernelStart
 .text.osThreadNew
                0x0800533c      0x124 ./Middlewares/Third_Party/FreeRTOS/Source/CMSIS_RTOS_V2/cmsis_os2.o
                0x0800533c                osThreadNew
 .text.osDelay  0x08005460       0x36 ./Middlewares/Third_Party/FreeRTOS/Source/CMSIS_RTOS_V2/cmsis_os2.o
                0x08005460                osDelay
 .text.osMutexNew
                0x08005496      0x10c ./Middlewares/Third_Party/FreeRTOS/Source/CMSIS_RTOS_V2/cmsis_os2.o
                0x08005496                osMutexNew
 .text.osSemaphoreNew
                0x080055a2      0x112 ./Middlewares/Third_Party/FreeRTOS/Source/CMSIS_RTOS_V2/cmsis_os2.o
                0x080055a2                osSemaphoreNew
 .text.osMessageQueueNew
                0x080056b4       0xe6 ./Middlewares/Third_Party/FreeRTOS/Source/CMSIS_RTOS_V2/cmsis_os2.o
                0x080056b4                osMessageQueueNew
 *fill*         0x0800579a        0x2 
 .text.vApplicationGetIdleTaskMemory
                0x0800579c       0x34 ./Middlewares/Third_Party/FreeRTOS/Source/CMSIS_RTOS_V2/cmsis_os2.o
                0x0800579c                vApplicationGetIdleTaskMemory
 .text.vApplicationGetTimerTaskMemory
                0x080057d0       0x34 ./Middlewares/Third_Party/FreeRTOS/Source/CMSIS_RTOS_V2/cmsis_os2.o
                0x080057d0                vApplicationGetTimerTaskMemory
 .text.vListInitialise
                0x08005804       0x40 ./Middlewares/Third_Party/FreeRTOS/Source/list.o
                0x08005804                vListInitialise
 .text.vListInitialiseItem
                0x08005844       0x1a ./Middlewares/Third_Party/FreeRTOS/Source/list.o
                0x08005844                vListInitialiseItem
 .text.vListInsertEnd
                0x0800585e       0x48 ./Middlewares/Third_Party/FreeRTOS/Source/list.o
                0x0800585e                vListInsertEnd
 .text.vListInsert
                0x080058a6       0x72 ./Middlewares/Third_Party/FreeRTOS/Source/list.o
                0x080058a6                vListInsert
 .text.uxListRemove
                0x08005918       0x54 ./Middlewares/Third_Party/FreeRTOS/Source/list.o
                0x08005918                uxListRemove
 .text.xQueueGenericReset
                0x0800596c       0xd4 ./Middlewares/Third_Party/FreeRTOS/Source/queue.o
                0x0800596c                xQueueGenericReset
 .text.xQueueGenericCreateStatic
                0x08005a40       0xfa ./Middlewares/Third_Party/FreeRTOS/Source/queue.o
                0x08005a40                xQueueGenericCreateStatic
 .text.xQueueGenericCreate
                0x08005b3a       0x76 ./Middlewares/Third_Party/FreeRTOS/Source/queue.o
                0x08005b3a                xQueueGenericCreate
 .text.prvInitialiseNewQueue
                0x08005bb0       0x52 ./Middlewares/Third_Party/FreeRTOS/Source/queue.o
 .text.prvInitialiseMutex
                0x08005c02       0x34 ./Middlewares/Third_Party/FreeRTOS/Source/queue.o
 .text.xQueueCreateMutex
                0x08005c36       0x30 ./Middlewares/Third_Party/FreeRTOS/Source/queue.o
                0x08005c36                xQueueCreateMutex
 .text.xQueueCreateMutexStatic
                0x08005c66       0x36 ./Middlewares/Third_Party/FreeRTOS/Source/queue.o
                0x08005c66                xQueueCreateMutexStatic
 .text.xQueueCreateCountingSemaphoreStatic
                0x08005c9c       0x72 ./Middlewares/Third_Party/FreeRTOS/Source/queue.o
                0x08005c9c                xQueueCreateCountingSemaphoreStatic
 .text.xQueueCreateCountingSemaphore
                0x08005d0e       0x6a ./Middlewares/Third_Party/FreeRTOS/Source/queue.o
                0x08005d0e                xQueueCreateCountingSemaphore
 .text.xQueueGenericSend
                0x08005d78      0x254 ./Middlewares/Third_Party/FreeRTOS/Source/queue.o
                0x08005d78                xQueueGenericSend
 .text.xQueueGenericSendFromISR
                0x08005fcc      0x164 ./Middlewares/Third_Party/FreeRTOS/Source/queue.o
                0x08005fcc                xQueueGenericSendFromISR
 .text.xQueueReceive
                0x08006130      0x228 ./Middlewares/Third_Party/FreeRTOS/Source/queue.o
                0x08006130                xQueueReceive
 .text.xQueueSemaphoreTake
                0x08006358      0x280 ./Middlewares/Third_Party/FreeRTOS/Source/queue.o
                0x08006358                xQueueSemaphoreTake
 .text.vQueueDelete
                0x080065d8       0x5a ./Middlewares/Third_Party/FreeRTOS/Source/queue.o
                0x080065d8                vQueueDelete
 .text.prvGetDisinheritPriorityAfterTimeout
                0x08006632       0x30 ./Middlewares/Third_Party/FreeRTOS/Source/queue.o
 .text.prvCopyDataToQueue
                0x08006662       0xd4 ./Middlewares/Third_Party/FreeRTOS/Source/queue.o
 .text.prvCopyDataFromQueue
                0x08006736       0x4c ./Middlewares/Third_Party/FreeRTOS/Source/queue.o
 .text.prvUnlockQueue
                0x08006782       0xa4 ./Middlewares/Third_Party/FreeRTOS/Source/queue.o
 .text.prvIsQueueEmpty
                0x08006826       0x2c ./Middlewares/Third_Party/FreeRTOS/Source/queue.o
 .text.prvIsQueueFull
                0x08006852       0x30 ./Middlewares/Third_Party/FreeRTOS/Source/queue.o
 *fill*         0x08006882        0x2 
 .text.vQueueAddToRegistry
                0x08006884       0x64 ./Middlewares/Third_Party/FreeRTOS/Source/queue.o
                0x08006884                vQueueAddToRegistry
 .text.vQueueUnregisterQueue
                0x080068e8       0x54 ./Middlewares/Third_Party/FreeRTOS/Source/queue.o
                0x080068e8                vQueueUnregisterQueue
 .text.vQueueWaitForMessageRestricted
                0x0800693c       0x68 ./Middlewares/Third_Party/FreeRTOS/Source/queue.o
                0x0800693c                vQueueWaitForMessageRestricted
 .text.xTaskCreateStatic
                0x080069a4       0xc0 ./Middlewares/Third_Party/FreeRTOS/Source/tasks.o
                0x080069a4                xTaskCreateStatic
 .text.xTaskCreate
                0x08006a64       0x8a ./Middlewares/Third_Party/FreeRTOS/Source/tasks.o
                0x08006a64                xTaskCreate
 *fill*         0x08006aee        0x2 
 .text.prvInitialiseNewTask
                0x08006af0      0x150 ./Middlewares/Third_Party/FreeRTOS/Source/tasks.o
 .text.prvAddNewTaskToReadyList
                0x08006c40      0x11c ./Middlewares/Third_Party/FreeRTOS/Source/tasks.o
 .text.vTaskDelay
                0x08006d5c       0x74 ./Middlewares/Third_Party/FreeRTOS/Source/tasks.o
                0x08006d5c                vTaskDelay
 .text.vTaskStartScheduler
                0x08006dd0      0x108 ./Middlewares/Third_Party/FreeRTOS/Source/tasks.o
                0x08006dd0                vTaskStartScheduler
 .text.vTaskSuspendAll
                0x08006ed8       0x1c ./Middlewares/Third_Party/FreeRTOS/Source/tasks.o
                0x08006ed8                vTaskSuspendAll
 .text.xTaskResumeAll
                0x08006ef4      0x144 ./Middlewares/Third_Party/FreeRTOS/Source/tasks.o
                0x08006ef4                xTaskResumeAll
 .text.xTaskGetTickCount
                0x08007038       0x20 ./Middlewares/Third_Party/FreeRTOS/Source/tasks.o
                0x08007038                xTaskGetTickCount
 .text.xTaskGetTickCountFromISR
                0x08007058       0x24 ./Middlewares/Third_Party/FreeRTOS/Source/tasks.o
                0x08007058                xTaskGetTickCountFromISR
 .text.xTaskIncrementTick
                0x0800707c      0x17c ./Middlewares/Third_Party/FreeRTOS/Source/tasks.o
                0x0800707c                xTaskIncrementTick
 .text.vTaskSwitchContext
                0x080071f8       0xf0 ./Middlewares/Third_Party/FreeRTOS/Source/tasks.o
                0x080071f8                vTaskSwitchContext
 .text.vTaskPlaceOnEventList
                0x080072e8       0x4c ./Middlewares/Third_Party/FreeRTOS/Source/tasks.o
                0x080072e8                vTaskPlaceOnEventList
 .text.vTaskPlaceOnEventListRestricted
                0x08007334       0x60 ./Middlewares/Third_Party/FreeRTOS/Source/tasks.o
                0x08007334                vTaskPlaceOnEventListRestricted
 .text.xTaskRemoveFromEventList
                0x08007394       0xd0 ./Middlewares/Third_Party/FreeRTOS/Source/tasks.o
                0x08007394                xTaskRemoveFromEventList
 .text.vTaskInternalSetTimeOutState
                0x08007464       0x2c ./Middlewares/Third_Party/FreeRTOS/Source/tasks.o
                0x08007464                vTaskInternalSetTimeOutState
 .text.xTaskCheckForTimeOut
                0x08007490       0xc8 ./Middlewares/Third_Party/FreeRTOS/Source/tasks.o
                0x08007490                xTaskCheckForTimeOut
 .text.vTaskMissedYield
                0x08007558       0x18 ./Middlewares/Third_Party/FreeRTOS/Source/tasks.o
                0x08007558                vTaskMissedYield
 .text.prvIdleTask
                0x08007570       0x30 ./Middlewares/Third_Party/FreeRTOS/Source/tasks.o
 .text.prvInitialiseTaskLists
                0x080075a0       0x80 ./Middlewares/Third_Party/FreeRTOS/Source/tasks.o
 .text.prvCheckTasksWaitingTermination
                0x08007620       0x5c ./Middlewares/Third_Party/FreeRTOS/Source/tasks.o
 .text.prvTaskCheckFreeStackSpace
                0x0800767c       0x38 ./Middlewares/Third_Party/FreeRTOS/Source/tasks.o
 .text.uxTaskGetStackHighWaterMark
                0x080076b4       0x38 ./Middlewares/Third_Party/FreeRTOS/Source/tasks.o
                0x080076b4                uxTaskGetStackHighWaterMark
 .text.prvDeleteTCB
                0x080076ec       0x6a ./Middlewares/Third_Party/FreeRTOS/Source/tasks.o
 *fill*         0x08007756        0x2 
 .text.prvResetNextTaskUnblockTime
                0x08007758       0x40 ./Middlewares/Third_Party/FreeRTOS/Source/tasks.o
 .text.xTaskGetSchedulerState
                0x08007798       0x3c ./Middlewares/Third_Party/FreeRTOS/Source/tasks.o
                0x08007798                xTaskGetSchedulerState
 .text.xTaskPriorityInherit
                0x080077d4       0xe4 ./Middlewares/Third_Party/FreeRTOS/Source/tasks.o
                0x080077d4                xTaskPriorityInherit
 .text.xTaskPriorityDisinherit
                0x080078b8       0xf0 ./Middlewares/Third_Party/FreeRTOS/Source/tasks.o
                0x080078b8                xTaskPriorityDisinherit
 .text.vTaskPriorityDisinheritAfterTimeout
                0x080079a8      0x118 ./Middlewares/Third_Party/FreeRTOS/Source/tasks.o
                0x080079a8                vTaskPriorityDisinheritAfterTimeout
 .text.pvTaskIncrementMutexHeldCount
                0x08007ac0       0x28 ./Middlewares/Third_Party/FreeRTOS/Source/tasks.o
                0x08007ac0                pvTaskIncrementMutexHeldCount
 .text.prvAddCurrentTaskToDelayedList
                0x08007ae8       0xa8 ./Middlewares/Third_Party/FreeRTOS/Source/tasks.o
 .text.xTimerCreateTimerTask
                0x08007b90       0x94 ./Middlewares/Third_Party/FreeRTOS/Source/timers.o
                0x08007b90                xTimerCreateTimerTask
 .text.xTimerGenericCommand
                0x08007c24       0x9c ./Middlewares/Third_Party/FreeRTOS/Source/timers.o
                0x08007c24                xTimerGenericCommand
 .text.prvProcessExpiredTimer
                0x08007cc0       0x9c ./Middlewares/Third_Party/FreeRTOS/Source/timers.o
 .text.prvTimerTask
                0x08007d5c       0x26 ./Middlewares/Third_Party/FreeRTOS/Source/timers.o
 *fill*         0x08007d82        0x2 
 .text.prvProcessTimerOrBlockTask
                0x08007d84       0x9c ./Middlewares/Third_Party/FreeRTOS/Source/timers.o
 .text.prvGetNextExpireTime
                0x08007e20       0x48 ./Middlewares/Third_Party/FreeRTOS/Source/timers.o
 .text.prvSampleTimeNow
                0x08007e68       0x40 ./Middlewares/Third_Party/FreeRTOS/Source/timers.o
 .text.prvInsertTimerInActiveList
                0x08007ea8       0x84 ./Middlewares/Third_Party/FreeRTOS/Source/timers.o
 .text.prvProcessReceivedCommands
                0x08007f2c      0x1cc ./Middlewares/Third_Party/FreeRTOS/Source/timers.o
 .text.prvSwitchTimerLists
                0x080080f8       0xcc ./Middlewares/Third_Party/FreeRTOS/Source/timers.o
 .text.prvCheckForValidListAndQueue
                0x080081c4       0x80 ./Middlewares/Third_Party/FreeRTOS/Source/timers.o
 .text.pxPortInitialiseStack
                0x08008244       0x68 ./Middlewares/Third_Party/FreeRTOS/Source/portable/GCC/ARM_CM4F/port.o
                0x08008244                pxPortInitialiseStack
 .text.prvTaskExitError
                0x080082ac       0x5c ./Middlewares/Third_Party/FreeRTOS/Source/portable/GCC/ARM_CM4F/port.o
 *fill*         0x08008308        0x8 
 .text.SVC_Handler
                0x08008310       0x28 ./Middlewares/Third_Party/FreeRTOS/Source/portable/GCC/ARM_CM4F/port.o
                0x08008310                SVC_Handler
 .text.prvPortStartFirstTask
                0x08008338       0x28 ./Middlewares/Third_Party/FreeRTOS/Source/portable/GCC/ARM_CM4F/port.o
 .text.xPortStartScheduler
                0x08008360      0x148 ./Middlewares/Third_Party/FreeRTOS/Source/portable/GCC/ARM_CM4F/port.o
                0x08008360                xPortStartScheduler
 .text.vPortEnterCritical
                0x080084a8       0x64 ./Middlewares/Third_Party/FreeRTOS/Source/portable/GCC/ARM_CM4F/port.o
                0x080084a8                vPortEnterCritical
 .text.vPortExitCritical
                0x0800850c       0x54 ./Middlewares/Third_Party/FreeRTOS/Source/portable/GCC/ARM_CM4F/port.o
                0x0800850c                vPortExitCritical
 .text.PendSV_Handler
                0x08008560       0x68 ./Middlewares/Third_Party/FreeRTOS/Source/portable/GCC/ARM_CM4F/port.o
                0x08008560                PendSV_Handler
 .text.xPortSysTickHandler
                0x080085c8       0x44 ./Middlewares/Third_Party/FreeRTOS/Source/portable/GCC/ARM_CM4F/port.o
                0x080085c8                xPortSysTickHandler
 .text.vPortSetupTimerInterrupt
                0x0800860c       0x48 ./Middlewares/Third_Party/FreeRTOS/Source/portable/GCC/ARM_CM4F/port.o
                0x0800860c                vPortSetupTimerInterrupt
 .text.vPortEnableVFP
                0x08008654       0x14 ./Middlewares/Third_Party/FreeRTOS/Source/portable/GCC/ARM_CM4F/port.o
 .text.vPortValidateInterruptPriority
                0x08008668       0x84 ./Middlewares/Third_Party/FreeRTOS/Source/portable/GCC/ARM_CM4F/port.o
                0x08008668                vPortValidateInterruptPriority
 .text.pvPortMalloc
                0x080086ec      0x19c ./Middlewares/Third_Party/FreeRTOS/Source/portable/MemMang/heap_4.o
                0x080086ec                pvPortMalloc
 .text.vPortFree
                0x08008888       0xc8 ./Middlewares/Third_Party/FreeRTOS/Source/portable/MemMang/heap_4.o
                0x08008888                vPortFree
 .text.prvHeapInit
                0x08008950       0xc4 ./Middlewares/Third_Party/FreeRTOS/Source/portable/MemMang/heap_4.o
 .text.prvInsertBlockIntoFreeList
                0x08008a14       0xb4 ./Middlewares/Third_Party/FreeRTOS/Source/portable/MemMang/heap_4.o
 .text._cbSendSystemDesc
                0x08008ac8       0x1c ./Middlewares/Third_Party/SEGGER/Config/SEGGER_SYSVIEW_Config_FreeRTOS.o
 .text.SEGGER_SYSVIEW_Conf
                0x08008ae4       0x2c ./Middlewares/Third_Party/SEGGER/Config/SEGGER_SYSVIEW_Config_FreeRTOS.o
                0x08008ae4                SEGGER_SYSVIEW_Conf
 .text._cbSendTaskList
                0x08008b10       0xbc ./Middlewares/Third_Party/SEGGER/OS/SEGGER_SYSVIEW_FreeRTOS.o
 .text._cbGetTime
                0x08008bcc       0x86 ./Middlewares/Third_Party/SEGGER/OS/SEGGER_SYSVIEW_FreeRTOS.o
 *fill*         0x08008c52        0x2 
 .text.SYSVIEW_AddTask
                0x08008c54       0xd0 ./Middlewares/Third_Party/SEGGER/OS/SEGGER_SYSVIEW_FreeRTOS.o
                0x08008c54                SYSVIEW_AddTask
 .text.SYSVIEW_SendTaskInfo
                0x08008d24       0x42 ./Middlewares/Third_Party/SEGGER/OS/SEGGER_SYSVIEW_FreeRTOS.o
                0x08008d24                SYSVIEW_SendTaskInfo
 *fill*         0x08008d66        0x2 
 .text.__NVIC_EnableIRQ
                0x08008d68       0x3c ./Middlewares/Third_Party/SEGGER/Rec/HIF_UART.o
 .text.__NVIC_SetPriority
                0x08008da4       0x54 ./Middlewares/Third_Party/SEGGER/Rec/HIF_UART.o
 .text._StartSysView
                0x08008df8       0x1e ./Middlewares/Third_Party/SEGGER/Rec/HIF_UART.o
 *fill*         0x08008e16        0x2 
 .text._cbOnUARTRx
                0x08008e18       0x40 ./Middlewares/Third_Party/SEGGER/Rec/HIF_UART.o
 .text._cbOnUARTTx
                0x08008e58       0x64 ./Middlewares/Third_Party/SEGGER/Rec/HIF_UART.o
 .text.SEGGER_UART_init
                0x08008ebc       0x24 ./Middlewares/Third_Party/SEGGER/Rec/HIF_UART.o
                0x08008ebc                SEGGER_UART_init
 .text.USART2_IRQHandler
                0x08008ee0       0x94 ./Middlewares/Third_Party/SEGGER/Rec/HIF_UART.o
                0x08008ee0                USART2_IRQHandler
 .text.HIF_UART_EnableTXEInterrupt
                0x08008f74       0x20 ./Middlewares/Third_Party/SEGGER/Rec/HIF_UART.o
                0x08008f74                HIF_UART_EnableTXEInterrupt
 .text.HIF_UART_Init
                0x08008f94       0xf4 ./Middlewares/Third_Party/SEGGER/Rec/HIF_UART.o
                0x08008f94                HIF_UART_Init
 .text._DoInit  0x08009088       0xb0 ./Middlewares/Third_Party/SEGGER/SEGGER/SEGGER_RTT.o
 .text._WriteBlocking
                0x08009138       0xba ./Middlewares/Third_Party/SEGGER/SEGGER/SEGGER_RTT.o
 .text._WriteNoCheck
                0x080091f2       0x90 ./Middlewares/Third_Party/SEGGER/SEGGER/SEGGER_RTT.o
 .text._GetAvailWriteSpace
                0x08009282       0x46 ./Middlewares/Third_Party/SEGGER/SEGGER/SEGGER_RTT.o
 .text.SEGGER_RTT_ReadUpBufferNoLock
                0x080092c8      0x10c ./Middlewares/Third_Party/SEGGER/SEGGER/SEGGER_RTT.o
                0x080092c8                SEGGER_RTT_ReadUpBufferNoLock
 .text.SEGGER_RTT_ReadNoLock
                0x080093d4      0x10c ./Middlewares/Third_Party/SEGGER/SEGGER/SEGGER_RTT.o
                0x080093d4                SEGGER_RTT_ReadNoLock
 .text.SEGGER_RTT_WriteDownBufferNoLock
                0x080094e0       0xa0 ./Middlewares/Third_Party/SEGGER/SEGGER/SEGGER_RTT.o
                0x080094e0                SEGGER_RTT_WriteDownBufferNoLock
 .text.SEGGER_RTT_WriteNoLock
                0x08009580       0xa0 ./Middlewares/Third_Party/SEGGER/SEGGER/SEGGER_RTT.o
                0x08009580                SEGGER_RTT_WriteNoLock
 .text.SEGGER_RTT_WriteDownBuffer
                0x08009620       0x4c ./Middlewares/Third_Party/SEGGER/SEGGER/SEGGER_RTT.o
                0x08009620                SEGGER_RTT_WriteDownBuffer
 .text.SEGGER_RTT_Write
                0x0800966c       0x4c ./Middlewares/Third_Party/SEGGER/SEGGER/SEGGER_RTT.o
                0x0800966c                SEGGER_RTT_Write
 .text.SEGGER_RTT_AllocUpBuffer
                0x080096b8      0x108 ./Middlewares/Third_Party/SEGGER/SEGGER/SEGGER_RTT.o
                0x080096b8                SEGGER_RTT_AllocUpBuffer
 .text.SEGGER_RTT_ConfigDownBuffer
                0x080097c0       0xe0 ./Middlewares/Third_Party/SEGGER/SEGGER/SEGGER_RTT.o
                0x080097c0                SEGGER_RTT_ConfigDownBuffer
 .text._EncodeStr
                0x080098a0       0x9a ./Middlewares/Third_Party/SEGGER/SEGGER/SEGGER_SYSVIEW.o
 .text._PreparePacket
                0x0800993a       0x18 ./Middlewares/Third_Party/SEGGER/SEGGER/SEGGER_SYSVIEW.o
 *fill*         0x08009952        0x2 
 .text._HandleIncomingPacket
                0x08009954       0xe0 ./Middlewares/Third_Party/SEGGER/SEGGER/SEGGER_SYSVIEW.o
 .text._TrySendOverflowPacket
                0x08009a34       0xe8 ./Middlewares/Third_Party/SEGGER/SEGGER/SEGGER_SYSVIEW.o
 .text._SendPacket
                0x08009b1c      0x1d0 ./Middlewares/Third_Party/SEGGER/SEGGER/SEGGER_SYSVIEW.o
 .text.SEGGER_SYSVIEW_Init
                0x08009cec       0x88 ./Middlewares/Third_Party/SEGGER/SEGGER/SEGGER_SYSVIEW.o
                0x08009cec                SEGGER_SYSVIEW_Init
 .text.SEGGER_SYSVIEW_SetRAMBase
                0x08009d74       0x20 ./Middlewares/Third_Party/SEGGER/SEGGER/SEGGER_SYSVIEW.o
                0x08009d74                SEGGER_SYSVIEW_SetRAMBase
 .text.SEGGER_SYSVIEW_RecordVoid
                0x08009d94       0x3c ./Middlewares/Third_Party/SEGGER/SEGGER/SEGGER_SYSVIEW.o
                0x08009d94                SEGGER_SYSVIEW_RecordVoid
 .text.SEGGER_SYSVIEW_RecordU32
                0x08009dd0       0x78 ./Middlewares/Third_Party/SEGGER/SEGGER/SEGGER_SYSVIEW.o
                0x08009dd0                SEGGER_SYSVIEW_RecordU32
 .text.SEGGER_SYSVIEW_RecordU32x2
                0x08009e48       0xb4 ./Middlewares/Third_Party/SEGGER/SEGGER/SEGGER_SYSVIEW.o
                0x08009e48                SEGGER_SYSVIEW_RecordU32x2
 .text.SEGGER_SYSVIEW_RecordU32x3
                0x08009efc       0xec ./Middlewares/Third_Party/SEGGER/SEGGER/SEGGER_SYSVIEW.o
                0x08009efc                SEGGER_SYSVIEW_RecordU32x3
 .text.SEGGER_SYSVIEW_RecordU32x4
                0x08009fe8      0x124 ./Middlewares/Third_Party/SEGGER/SEGGER/SEGGER_SYSVIEW.o
                0x08009fe8                SEGGER_SYSVIEW_RecordU32x4
 .text.SEGGER_SYSVIEW_Start
                0x0800a10c      0x178 ./Middlewares/Third_Party/SEGGER/SEGGER/SEGGER_SYSVIEW.o
                0x0800a10c                SEGGER_SYSVIEW_Start
 .text.SEGGER_SYSVIEW_Stop
                0x0800a284       0x4c ./Middlewares/Third_Party/SEGGER/SEGGER/SEGGER_SYSVIEW.o
                0x0800a284                SEGGER_SYSVIEW_Stop
 .text.SEGGER_SYSVIEW_GetSysDesc
                0x0800a2d0      0x134 ./Middlewares/Third_Party/SEGGER/SEGGER/SEGGER_SYSVIEW.o
                0x0800a2d0                SEGGER_SYSVIEW_GetSysDesc
 .text.SEGGER_SYSVIEW_SendTaskInfo
                0x0800a404      0x1c8 ./Middlewares/Third_Party/SEGGER/SEGGER/SEGGER_SYSVIEW.o
                0x0800a404                SEGGER_SYSVIEW_SendTaskInfo
 .text.SEGGER_SYSVIEW_SendTaskList
                0x0800a5cc       0x28 ./Middlewares/Third_Party/SEGGER/SEGGER/SEGGER_SYSVIEW.o
                0x0800a5cc                SEGGER_SYSVIEW_SendTaskList
 .text.SEGGER_SYSVIEW_SendSysDesc
                0x0800a5f4       0x48 ./Middlewares/Third_Party/SEGGER/SEGGER/SEGGER_SYSVIEW.o
                0x0800a5f4                SEGGER_SYSVIEW_SendSysDesc
 .text.SEGGER_SYSVIEW_RecordSystime
                0x0800a63c       0x64 ./Middlewares/Third_Party/SEGGER/SEGGER/SEGGER_SYSVIEW.o
                0x0800a63c                SEGGER_SYSVIEW_RecordSystime
 .text.SEGGER_SYSVIEW_OnIdle
                0x0800a6a0       0x38 ./Middlewares/Third_Party/SEGGER/SEGGER/SEGGER_SYSVIEW.o
                0x0800a6a0                SEGGER_SYSVIEW_OnIdle
 .text.SEGGER_SYSVIEW_OnTaskCreate
                0x0800a6d8       0x84 ./Middlewares/Third_Party/SEGGER/SEGGER/SEGGER_SYSVIEW.o
                0x0800a6d8                SEGGER_SYSVIEW_OnTaskCreate
 .text.SEGGER_SYSVIEW_OnTaskStartExec
                0x0800a75c       0x84 ./Middlewares/Third_Party/SEGGER/SEGGER/SEGGER_SYSVIEW.o
                0x0800a75c                SEGGER_SYSVIEW_OnTaskStartExec
 .text.SEGGER_SYSVIEW_OnTaskStartReady
                0x0800a7e0       0x84 ./Middlewares/Third_Party/SEGGER/SEGGER/SEGGER_SYSVIEW.o
                0x0800a7e0                SEGGER_SYSVIEW_OnTaskStartReady
 .text.SEGGER_SYSVIEW_ShrinkId
                0x0800a864       0x20 ./Middlewares/Third_Party/SEGGER/SEGGER/SEGGER_SYSVIEW.o
                0x0800a864                SEGGER_SYSVIEW_ShrinkId
 .text.SEGGER_SYSVIEW_SendModule
                0x0800a884      0x100 ./Middlewares/Third_Party/SEGGER/SEGGER/SEGGER_SYSVIEW.o
                0x0800a884                SEGGER_SYSVIEW_SendModule
 .text.SEGGER_SYSVIEW_SendModuleDescription
                0x0800a984       0x3c ./Middlewares/Third_Party/SEGGER/SEGGER/SEGGER_SYSVIEW.o
                0x0800a984                SEGGER_SYSVIEW_SendModuleDescription
 .text.SEGGER_SYSVIEW_SendNumModules
                0x0800a9c0       0x7c ./Middlewares/Third_Party/SEGGER/SEGGER/SEGGER_SYSVIEW.o
                0x0800a9c0                SEGGER_SYSVIEW_SendNumModules
 .text.SEGGER_SYSVIEW_Warn
                0x0800aa3c       0xb8 ./Middlewares/Third_Party/SEGGER/SEGGER/SEGGER_SYSVIEW.o
                0x0800aa3c                SEGGER_SYSVIEW_Warn
 .text.SEGGER_SYSVIEW_IsStarted
                0x0800aaf4       0x5c ./Middlewares/Third_Party/SEGGER/SEGGER/SEGGER_SYSVIEW.o
                0x0800aaf4                SEGGER_SYSVIEW_IsStarted
 .text._write_r
                0x0800ab50       0x22 ./Middlewares/Third_Party/SEGGER/SEGGER/Syscalls/SEGGER_RTT_Syscalls_GCC.o
                0x0800ab50                _write_r
 *fill*         0x0800ab72        0x2 
 .text.malloc   0x0800ab74       0x10 C:/ST/STM32CubeIDE_1.19.0/STM32CubeIDE/plugins/com.st.stm32cube.ide.mcu.externaltools.gnu-tools-for-stm32.13.3.rel1.win32_1.0.0.202411081344/tools/bin/../lib/gcc/arm-none-eabi/13.3.1/../../../../arm-none-eabi/lib/thumb/v7e-m+fp/hard\libc_nano.a(libc_a-malloc.o)
                0x0800ab74                malloc
 .text.free     0x0800ab84       0x10 C:/ST/STM32CubeIDE_1.19.0/STM32CubeIDE/plugins/com.st.stm32cube.ide.mcu.externaltools.gnu-tools-for-stm32.13.3.rel1.win32_1.0.0.202411081344/tools/bin/../lib/gcc/arm-none-eabi/13.3.1/../../../../arm-none-eabi/lib/thumb/v7e-m+fp/hard\libc_nano.a(libc_a-malloc.o)
                0x0800ab84                free
 .text.sbrk_aligned
                0x0800ab94       0x44 C:/ST/STM32CubeIDE_1.19.0/STM32CubeIDE/plugins/com.st.stm32cube.ide.mcu.externaltools.gnu-tools-for-stm32.13.3.rel1.win32_1.0.0.202411081344/tools/bin/../lib/gcc/arm-none-eabi/13.3.1/../../../../arm-none-eabi/lib/thumb/v7e-m+fp/hard\libc_nano.a(libc_a-mallocr.o)
 .text._malloc_r
                0x0800abd8      0x100 C:/ST/STM32CubeIDE_1.19.0/STM32CubeIDE/plugins/com.st.stm32cube.ide.mcu.externaltools.gnu-tools-for-stm32.13.3.rel1.win32_1.0.0.202411081344/tools/bin/../lib/gcc/arm-none-eabi/13.3.1/../../../../arm-none-eabi/lib/thumb/v7e-m+fp/hard\libc_nano.a(libc_a-mallocr.o)
                0x0800abd8                _malloc_r
 .text.__malloc_lock
                0x0800acd8        0xc C:/ST/STM32CubeIDE_1.19.0/STM32CubeIDE/plugins/com.st.stm32cube.ide.mcu.externaltools.gnu-tools-for-stm32.13.3.rel1.win32_1.0.0.202411081344/tools/bin/../lib/gcc/arm-none-eabi/13.3.1/../../../../arm-none-eabi/lib/thumb/v7e-m+fp/hard\libc_nano.a(libc_a-mlock.o)
                0x0800acd8                __malloc_lock
 .text.__malloc_unlock
                0x0800ace4        0xc C:/ST/STM32CubeIDE_1.19.0/STM32CubeIDE/plugins/com.st.stm32cube.ide.mcu.externaltools.gnu-tools-for-stm32.13.3.rel1.win32_1.0.0.202411081344/tools/bin/../lib/gcc/arm-none-eabi/13.3.1/../../../../arm-none-eabi/lib/thumb/v7e-m+fp/hard\libc_nano.a(libc_a-mlock.o)
                0x0800ace4                __malloc_unlock
 .text.rand     0x0800acf0       0x7c C:/ST/STM32CubeIDE_1.19.0/STM32CubeIDE/plugins/com.st.stm32cube.ide.mcu.externaltools.gnu-tools-for-stm32.13.3.rel1.win32_1.0.0.202411081344/tools/bin/../lib/gcc/arm-none-eabi/13.3.1/../../../../arm-none-eabi/lib/thumb/v7e-m+fp/hard\libc_nano.a(libc_a-rand.o)
                0x0800acf0                rand
 .text.std      0x0800ad6c       0x6c C:/ST/STM32CubeIDE_1.19.0/STM32CubeIDE/plugins/com.st.stm32cube.ide.mcu.externaltools.gnu-tools-for-stm32.13.3.rel1.win32_1.0.0.202411081344/tools/bin/../lib/gcc/arm-none-eabi/13.3.1/../../../../arm-none-eabi/lib/thumb/v7e-m+fp/hard\libc_nano.a(libc_a-findfp.o)
 .text.stdio_exit_handler
                0x0800add8       0x18 C:/ST/STM32CubeIDE_1.19.0/STM32CubeIDE/plugins/com.st.stm32cube.ide.mcu.externaltools.gnu-tools-for-stm32.13.3.rel1.win32_1.0.0.202411081344/tools/bin/../lib/gcc/arm-none-eabi/13.3.1/../../../../arm-none-eabi/lib/thumb/v7e-m+fp/hard\libc_nano.a(libc_a-findfp.o)
 .text.cleanup_stdio
                0x0800adf0       0x40 C:/ST/STM32CubeIDE_1.19.0/STM32CubeIDE/plugins/com.st.stm32cube.ide.mcu.externaltools.gnu-tools-for-stm32.13.3.rel1.win32_1.0.0.202411081344/tools/bin/../lib/gcc/arm-none-eabi/13.3.1/../../../../arm-none-eabi/lib/thumb/v7e-m+fp/hard\libc_nano.a(libc_a-findfp.o)
 .text.global_stdio_init.part.0
                0x0800ae30       0x3c C:/ST/STM32CubeIDE_1.19.0/STM32CubeIDE/plugins/com.st.stm32cube.ide.mcu.externaltools.gnu-tools-for-stm32.13.3.rel1.win32_1.0.0.202411081344/tools/bin/../lib/gcc/arm-none-eabi/13.3.1/../../../../arm-none-eabi/lib/thumb/v7e-m+fp/hard\libc_nano.a(libc_a-findfp.o)
 .text.__sfp_lock_acquire
                0x0800ae6c        0xc C:/ST/STM32CubeIDE_1.19.0/STM32CubeIDE/plugins/com.st.stm32cube.ide.mcu.externaltools.gnu-tools-for-stm32.13.3.rel1.win32_1.0.0.202411081344/tools/bin/../lib/gcc/arm-none-eabi/13.3.1/../../../../arm-none-eabi/lib/thumb/v7e-m+fp/hard\libc_nano.a(libc_a-findfp.o)
                0x0800ae6c                __sfp_lock_acquire
 .text.__sfp_lock_release
                0x0800ae78        0xc C:/ST/STM32CubeIDE_1.19.0/STM32CubeIDE/plugins/com.st.stm32cube.ide.mcu.externaltools.gnu-tools-for-stm32.13.3.rel1.win32_1.0.0.202411081344/tools/bin/../lib/gcc/arm-none-eabi/13.3.1/../../../../arm-none-eabi/lib/thumb/v7e-m+fp/hard\libc_nano.a(libc_a-findfp.o)
                0x0800ae78                __sfp_lock_release
 .text.__sinit  0x0800ae84       0x30 C:/ST/STM32CubeIDE_1.19.0/STM32CubeIDE/plugins/com.st.stm32cube.ide.mcu.externaltools.gnu-tools-for-stm32.13.3.rel1.win32_1.0.0.202411081344/tools/bin/../lib/gcc/arm-none-eabi/13.3.1/../../../../arm-none-eabi/lib/thumb/v7e-m+fp/hard\libc_nano.a(libc_a-findfp.o)
                0x0800ae84                __sinit
 .text._fwalk_sglue
                0x0800aeb4       0x3c C:/ST/STM32CubeIDE_1.19.0/STM32CubeIDE/plugins/com.st.stm32cube.ide.mcu.externaltools.gnu-tools-for-stm32.13.3.rel1.win32_1.0.0.202411081344/tools/bin/../lib/gcc/arm-none-eabi/13.3.1/../../../../arm-none-eabi/lib/thumb/v7e-m+fp/hard\libc_nano.a(libc_a-fwalk.o)
                0x0800aeb4                _fwalk_sglue
 .text.sprintf  0x0800aef0       0x44 C:/ST/STM32CubeIDE_1.19.0/STM32CubeIDE/plugins/com.st.stm32cube.ide.mcu.externaltools.gnu-tools-for-stm32.13.3.rel1.win32_1.0.0.202411081344/tools/bin/../lib/gcc/arm-none-eabi/13.3.1/../../../../arm-none-eabi/lib/thumb/v7e-m+fp/hard\libc_nano.a(libc_a-sprintf.o)
                0x0800aef0                siprintf
                0x0800aef0                sprintf
 .text.__sread  0x0800af34       0x22 C:/ST/STM32CubeIDE_1.19.0/STM32CubeIDE/plugins/com.st.stm32cube.ide.mcu.externaltools.gnu-tools-for-stm32.13.3.rel1.win32_1.0.0.202411081344/tools/bin/../lib/gcc/arm-none-eabi/13.3.1/../../../../arm-none-eabi/lib/thumb/v7e-m+fp/hard\libc_nano.a(libc_a-stdio.o)
                0x0800af34                __sread
 .text.__swrite
                0x0800af56       0x38 C:/ST/STM32CubeIDE_1.19.0/STM32CubeIDE/plugins/com.st.stm32cube.ide.mcu.externaltools.gnu-tools-for-stm32.13.3.rel1.win32_1.0.0.202411081344/tools/bin/../lib/gcc/arm-none-eabi/13.3.1/../../../../arm-none-eabi/lib/thumb/v7e-m+fp/hard\libc_nano.a(libc_a-stdio.o)
                0x0800af56                __swrite
 .text.__sseek  0x0800af8e       0x24 C:/ST/STM32CubeIDE_1.19.0/STM32CubeIDE/plugins/com.st.stm32cube.ide.mcu.externaltools.gnu-tools-for-stm32.13.3.rel1.win32_1.0.0.202411081344/tools/bin/../lib/gcc/arm-none-eabi/13.3.1/../../../../arm-none-eabi/lib/thumb/v7e-m+fp/hard\libc_nano.a(libc_a-stdio.o)
                0x0800af8e                __sseek
 .text.__sclose
                0x0800afb2        0x8 C:/ST/STM32CubeIDE_1.19.0/STM32CubeIDE/plugins/com.st.stm32cube.ide.mcu.externaltools.gnu-tools-for-stm32.13.3.rel1.win32_1.0.0.202411081344/tools/bin/../lib/gcc/arm-none-eabi/13.3.1/../../../../arm-none-eabi/lib/thumb/v7e-m+fp/hard\libc_nano.a(libc_a-stdio.o)
                0x0800afb2                __sclose
 .text.memcmp   0x0800afba       0x20 C:/ST/STM32CubeIDE_1.19.0/STM32CubeIDE/plugins/com.st.stm32cube.ide.mcu.externaltools.gnu-tools-for-stm32.13.3.rel1.win32_1.0.0.202411081344/tools/bin/../lib/gcc/arm-none-eabi/13.3.1/../../../../arm-none-eabi/lib/thumb/v7e-m+fp/hard\libc_nano.a(libc_a-memcmp.o)
                0x0800afba                memcmp
 .text.memset   0x0800afda       0x10 C:/ST/STM32CubeIDE_1.19.0/STM32CubeIDE/plugins/com.st.stm32cube.ide.mcu.externaltools.gnu-tools-for-stm32.13.3.rel1.win32_1.0.0.202411081344/tools/bin/../lib/gcc/arm-none-eabi/13.3.1/../../../../arm-none-eabi/lib/thumb/v7e-m+fp/hard\libc_nano.a(libc_a-memset.o)
                0x0800afda                memset
 *fill*         0x0800afea        0x2 
 .text._close_r
                0x0800afec       0x20 C:/ST/STM32CubeIDE_1.19.0/STM32CubeIDE/plugins/com.st.stm32cube.ide.mcu.externaltools.gnu-tools-for-stm32.13.3.rel1.win32_1.0.0.202411081344/tools/bin/../lib/gcc/arm-none-eabi/13.3.1/../../../../arm-none-eabi/lib/thumb/v7e-m+fp/hard\libc_nano.a(libc_a-closer.o)
                0x0800afec                _close_r
 .text._reclaim_reent
                0x0800b00c       0xbc C:/ST/STM32CubeIDE_1.19.0/STM32CubeIDE/plugins/com.st.stm32cube.ide.mcu.externaltools.gnu-tools-for-stm32.13.3.rel1.win32_1.0.0.202411081344/tools/bin/../lib/gcc/arm-none-eabi/13.3.1/../../../../arm-none-eabi/lib/thumb/v7e-m+fp/hard\libc_nano.a(libc_a-reent.o)
                0x0800b00c                _reclaim_reent
 .text._lseek_r
                0x0800b0c8       0x24 C:/ST/STM32CubeIDE_1.19.0/STM32CubeIDE/plugins/com.st.stm32cube.ide.mcu.externaltools.gnu-tools-for-stm32.13.3.rel1.win32_1.0.0.202411081344/tools/bin/../lib/gcc/arm-none-eabi/13.3.1/../../../../arm-none-eabi/lib/thumb/v7e-m+fp/hard\libc_nano.a(libc_a-lseekr.o)
                0x0800b0c8                _lseek_r
 .text._read_r  0x0800b0ec       0x24 C:/ST/STM32CubeIDE_1.19.0/STM32CubeIDE/plugins/com.st.stm32cube.ide.mcu.externaltools.gnu-tools-for-stm32.13.3.rel1.win32_1.0.0.202411081344/tools/bin/../lib/gcc/arm-none-eabi/13.3.1/../../../../arm-none-eabi/lib/thumb/v7e-m+fp/hard\libc_nano.a(libc_a-readr.o)
                0x0800b0ec                _read_r
 .text._sbrk_r  0x0800b110       0x20 C:/ST/STM32CubeIDE_1.19.0/STM32CubeIDE/plugins/com.st.stm32cube.ide.mcu.externaltools.gnu-tools-for-stm32.13.3.rel1.win32_1.0.0.202411081344/tools/bin/../lib/gcc/arm-none-eabi/13.3.1/../../../../arm-none-eabi/lib/thumb/v7e-m+fp/hard\libc_nano.a(libc_a-sbrkr.o)
                0x0800b110                _sbrk_r
 .text.__errno  0x0800b130        0xc C:/ST/STM32CubeIDE_1.19.0/STM32CubeIDE/plugins/com.st.stm32cube.ide.mcu.externaltools.gnu-tools-for-stm32.13.3.rel1.win32_1.0.0.202411081344/tools/bin/../lib/gcc/arm-none-eabi/13.3.1/../../../../arm-none-eabi/lib/thumb/v7e-m+fp/hard\libc_nano.a(libc_a-errno.o)
                0x0800b130                __errno
 .text.__libc_init_array
                0x0800b13c       0x48 C:/ST/STM32CubeIDE_1.19.0/STM32CubeIDE/plugins/com.st.stm32cube.ide.mcu.externaltools.gnu-tools-for-stm32.13.3.rel1.win32_1.0.0.202411081344/tools/bin/../lib/gcc/arm-none-eabi/13.3.1/../../../../arm-none-eabi/lib/thumb/v7e-m+fp/hard\libc_nano.a(libc_a-init.o)
                0x0800b13c                __libc_init_array
 .text.__retarget_lock_init_recursive
                0x0800b184        0x2 C:/ST/STM32CubeIDE_1.19.0/STM32CubeIDE/plugins/com.st.stm32cube.ide.mcu.externaltools.gnu-tools-for-stm32.13.3.rel1.win32_1.0.0.202411081344/tools/bin/../lib/gcc/arm-none-eabi/13.3.1/../../../../arm-none-eabi/lib/thumb/v7e-m+fp/hard\libc_nano.a(libc_a-lock.o)
                0x0800b184                __retarget_lock_init_recursive
 .text.__retarget_lock_acquire_recursive
                0x0800b186        0x2 C:/ST/STM32CubeIDE_1.19.0/STM32CubeIDE/plugins/com.st.stm32cube.ide.mcu.externaltools.gnu-tools-for-stm32.13.3.rel1.win32_1.0.0.202411081344/tools/bin/../lib/gcc/arm-none-eabi/13.3.1/../../../../arm-none-eabi/lib/thumb/v7e-m+fp/hard\libc_nano.a(libc_a-lock.o)
                0x0800b186                __retarget_lock_acquire_recursive
 .text.__retarget_lock_release_recursive
                0x0800b188        0x2 C:/ST/STM32CubeIDE_1.19.0/STM32CubeIDE/plugins/com.st.stm32cube.ide.mcu.externaltools.gnu-tools-for-stm32.13.3.rel1.win32_1.0.0.202411081344/tools/bin/../lib/gcc/arm-none-eabi/13.3.1/../../../../arm-none-eabi/lib/thumb/v7e-m+fp/hard\libc_nano.a(libc_a-lock.o)
                0x0800b188                __retarget_lock_release_recursive
 .text.memcpy   0x0800b18a       0x1c C:/ST/STM32CubeIDE_1.19.0/STM32CubeIDE/plugins/com.st.stm32cube.ide.mcu.externaltools.gnu-tools-for-stm32.13.3.rel1.win32_1.0.0.202411081344/tools/bin/../lib/gcc/arm-none-eabi/13.3.1/../../../../arm-none-eabi/lib/thumb/v7e-m+fp/hard\libc_nano.a(libc_a-memcpy-stub.o)
                0x0800b18a                memcpy
 *fill*         0x0800b1a6        0x2 
 .text.__assert_func
                0x0800b1a8       0x3c C:/ST/STM32CubeIDE_1.19.0/STM32CubeIDE/plugins/com.st.stm32cube.ide.mcu.externaltools.gnu-tools-for-stm32.13.3.rel1.win32_1.0.0.202411081344/tools/bin/../lib/gcc/arm-none-eabi/13.3.1/../../../../arm-none-eabi/lib/thumb/v7e-m+fp/hard\libc_nano.a(libc_a-assert.o)
                0x0800b1a8                __assert_func
 .text._free_r  0x0800b1e4       0x94 C:/ST/STM32CubeIDE_1.19.0/STM32CubeIDE/plugins/com.st.stm32cube.ide.mcu.externaltools.gnu-tools-for-stm32.13.3.rel1.win32_1.0.0.202411081344/tools/bin/../lib/gcc/arm-none-eabi/13.3.1/../../../../arm-none-eabi/lib/thumb/v7e-m+fp/hard\libc_nano.a(libc_a-freer.o)
                0x0800b1e4                _free_r
 .text.__ssputs_r
                0x0800b278       0xb6 C:/ST/STM32CubeIDE_1.19.0/STM32CubeIDE/plugins/com.st.stm32cube.ide.mcu.externaltools.gnu-tools-for-stm32.13.3.rel1.win32_1.0.0.202411081344/tools/bin/../lib/gcc/arm-none-eabi/13.3.1/../../../../arm-none-eabi/lib/thumb/v7e-m+fp/hard\libc_nano.a(libc_a-nano-svfprintf.o)
                0x0800b278                __ssputs_r
 *fill*         0x0800b32e        0x2 
 .text._svfprintf_r
                0x0800b330      0x1f8 C:/ST/STM32CubeIDE_1.19.0/STM32CubeIDE/plugins/com.st.stm32cube.ide.mcu.externaltools.gnu-tools-for-stm32.13.3.rel1.win32_1.0.0.202411081344/tools/bin/../lib/gcc/arm-none-eabi/13.3.1/../../../../arm-none-eabi/lib/thumb/v7e-m+fp/hard\libc_nano.a(libc_a-nano-svfprintf.o)
                0x0800b330                _svfiprintf_r
                0x0800b330                _svfprintf_r
 .text._printf_common
                0x0800b528       0xda C:/ST/STM32CubeIDE_1.19.0/STM32CubeIDE/plugins/com.st.stm32cube.ide.mcu.externaltools.gnu-tools-for-stm32.13.3.rel1.win32_1.0.0.202411081344/tools/bin/../lib/gcc/arm-none-eabi/13.3.1/../../../../arm-none-eabi/lib/thumb/v7e-m+fp/hard\libc_nano.a(libc_a-nano-vfprintf_i.o)
                0x0800b528                _printf_common
 *fill*         0x0800b602        0x2 
 .text._printf_i
                0x0800b604      0x23c C:/ST/STM32CubeIDE_1.19.0/STM32CubeIDE/plugins/com.st.stm32cube.ide.mcu.externaltools.gnu-tools-for-stm32.13.3.rel1.win32_1.0.0.202411081344/tools/bin/../lib/gcc/arm-none-eabi/13.3.1/../../../../arm-none-eabi/lib/thumb/v7e-m+fp/hard\libc_nano.a(libc_a-nano-vfprintf_i.o)
                0x0800b604                _printf_i
 .text.__sflush_r
                0x0800b840      0x108 C:/ST/STM32CubeIDE_1.19.0/STM32CubeIDE/plugins/com.st.stm32cube.ide.mcu.externaltools.gnu-tools-for-stm32.13.3.rel1.win32_1.0.0.202411081344/tools/bin/../lib/gcc/arm-none-eabi/13.3.1/../../../../arm-none-eabi/lib/thumb/v7e-m+fp/hard\libc_nano.a(libc_a-fflush.o)
                0x0800b840                __sflush_r
 .text._fflush_r
                0x0800b948       0x50 C:/ST/STM32CubeIDE_1.19.0/STM32CubeIDE/plugins/com.st.stm32cube.ide.mcu.externaltools.gnu-tools-for-stm32.13.3.rel1.win32_1.0.0.202411081344/tools/bin/../lib/gcc/arm-none-eabi/13.3.1/../../../../arm-none-eabi/lib/thumb/v7e-m+fp/hard\libc_nano.a(libc_a-fflush.o)
                0x0800b948                _fflush_r
 .text.fprintf  0x0800b998       0x24 C:/ST/STM32CubeIDE_1.19.0/STM32CubeIDE/plugins/com.st.stm32cube.ide.mcu.externaltools.gnu-tools-for-stm32.13.3.rel1.win32_1.0.0.202411081344/tools/bin/../lib/gcc/arm-none-eabi/13.3.1/../../../../arm-none-eabi/lib/thumb/v7e-m+fp/hard\libc_nano.a(libc_a-fprintf.o)
                0x0800b998                fiprintf
                0x0800b998                fprintf
 .text.memmove  0x0800b9bc       0x34 C:/ST/STM32CubeIDE_1.19.0/STM32CubeIDE/plugins/com.st.stm32cube.ide.mcu.externaltools.gnu-tools-for-stm32.13.3.rel1.win32_1.0.0.202411081344/tools/bin/../lib/gcc/arm-none-eabi/13.3.1/../../../../arm-none-eabi/lib/thumb/v7e-m+fp/hard\libc_nano.a(libc_a-memmove.o)
                0x0800b9bc                memmove
 .text.abort    0x0800b9f0        0xe C:/ST/STM32CubeIDE_1.19.0/STM32CubeIDE/plugins/com.st.stm32cube.ide.mcu.externaltools.gnu-tools-for-stm32.13.3.rel1.win32_1.0.0.202411081344/tools/bin/../lib/gcc/arm-none-eabi/13.3.1/../../../../arm-none-eabi/lib/thumb/v7e-m+fp/hard\libc_nano.a(libc_a-abort.o)
                0x0800b9f0                abort
 .text._realloc_r
                0x0800b9fe       0x5c C:/ST/STM32CubeIDE_1.19.0/STM32CubeIDE/plugins/com.st.stm32cube.ide.mcu.externaltools.gnu-tools-for-stm32.13.3.rel1.win32_1.0.0.202411081344/tools/bin/../lib/gcc/arm-none-eabi/13.3.1/../../../../arm-none-eabi/lib/thumb/v7e-m+fp/hard\libc_nano.a(libc_a-reallocr.o)
                0x0800b9fe                _realloc_r
 .text.__sfputc_r
                0x0800ba5a       0x2e C:/ST/STM32CubeIDE_1.19.0/STM32CubeIDE/plugins/com.st.stm32cube.ide.mcu.externaltools.gnu-tools-for-stm32.13.3.rel1.win32_1.0.0.202411081344/tools/bin/../lib/gcc/arm-none-eabi/13.3.1/../../../../arm-none-eabi/lib/thumb/v7e-m+fp/hard\libc_nano.a(libc_a-nano-vfprintf.o)
 .text.__sfputs_r
                0x0800ba88       0x24 C:/ST/STM32CubeIDE_1.19.0/STM32CubeIDE/plugins/com.st.stm32cube.ide.mcu.externaltools.gnu-tools-for-stm32.13.3.rel1.win32_1.0.0.202411081344/tools/bin/../lib/gcc/arm-none-eabi/13.3.1/../../../../arm-none-eabi/lib/thumb/v7e-m+fp/hard\libc_nano.a(libc_a-nano-vfprintf.o)
                0x0800ba88                __sfputs_r
 .text._vfprintf_r
                0x0800baac      0x230 C:/ST/STM32CubeIDE_1.19.0/STM32CubeIDE/plugins/com.st.stm32cube.ide.mcu.externaltools.gnu-tools-for-stm32.13.3.rel1.win32_1.0.0.202411081344/tools/bin/../lib/gcc/arm-none-eabi/13.3.1/../../../../arm-none-eabi/lib/thumb/v7e-m+fp/hard\libc_nano.a(libc_a-nano-vfprintf.o)
                0x0800baac                _vfprintf_r
                0x0800baac                _vfiprintf_r
 .text.__swbuf_r
                0x0800bcdc       0x7c C:/ST/STM32CubeIDE_1.19.0/STM32CubeIDE/plugins/com.st.stm32cube.ide.mcu.externaltools.gnu-tools-for-stm32.13.3.rel1.win32_1.0.0.202411081344/tools/bin/../lib/gcc/arm-none-eabi/13.3.1/../../../../arm-none-eabi/lib/thumb/v7e-m+fp/hard\libc_nano.a(libc_a-wbuf.o)
                0x0800bcdc                __swbuf_r
 .text.__swsetup_r
                0x0800bd58       0xac C:/ST/STM32CubeIDE_1.19.0/STM32CubeIDE/plugins/com.st.stm32cube.ide.mcu.externaltools.gnu-tools-for-stm32.13.3.rel1.win32_1.0.0.202411081344/tools/bin/../lib/gcc/arm-none-eabi/13.3.1/../../../../arm-none-eabi/lib/thumb/v7e-m+fp/hard\libc_nano.a(libc_a-wsetup.o)
                0x0800bd58                __swsetup_r
 .text._raise_r
                0x0800be04       0x50 C:/ST/STM32CubeIDE_1.19.0/STM32CubeIDE/plugins/com.st.stm32cube.ide.mcu.externaltools.gnu-tools-for-stm32.13.3.rel1.win32_1.0.0.202411081344/tools/bin/../lib/gcc/arm-none-eabi/13.3.1/../../../../arm-none-eabi/lib/thumb/v7e-m+fp/hard\libc_nano.a(libc_a-signal.o)
                0x0800be04                _raise_r
 .text.raise    0x0800be54       0x10 C:/ST/STM32CubeIDE_1.19.0/STM32CubeIDE/plugins/com.st.stm32cube.ide.mcu.externaltools.gnu-tools-for-stm32.13.3.rel1.win32_1.0.0.202411081344/tools/bin/../lib/gcc/arm-none-eabi/13.3.1/../../../../arm-none-eabi/lib/thumb/v7e-m+fp/hard\libc_nano.a(libc_a-signal.o)
                0x0800be54                raise
 .text._kill_r  0x0800be64       0x24 C:/ST/STM32CubeIDE_1.19.0/STM32CubeIDE/plugins/com.st.stm32cube.ide.mcu.externaltools.gnu-tools-for-stm32.13.3.rel1.win32_1.0.0.202411081344/tools/bin/../lib/gcc/arm-none-eabi/13.3.1/../../../../arm-none-eabi/lib/thumb/v7e-m+fp/hard\libc_nano.a(libc_a-signalr.o)
                0x0800be64                _kill_r
 .text._getpid_r
                0x0800be88        0x4 C:/ST/STM32CubeIDE_1.19.0/STM32CubeIDE/plugins/com.st.stm32cube.ide.mcu.externaltools.gnu-tools-for-stm32.13.3.rel1.win32_1.0.0.202411081344/tools/bin/../lib/gcc/arm-none-eabi/13.3.1/../../../../arm-none-eabi/lib/thumb/v7e-m+fp/hard\libc_nano.a(libc_a-signalr.o)
                0x0800be88                _getpid_r
 .text._malloc_usable_size_r
                0x0800be8c       0x10 C:/ST/STM32CubeIDE_1.19.0/STM32CubeIDE/plugins/com.st.stm32cube.ide.mcu.externaltools.gnu-tools-for-stm32.13.3.rel1.win32_1.0.0.202411081344/tools/bin/../lib/gcc/arm-none-eabi/13.3.1/../../../../arm-none-eabi/lib/thumb/v7e-m+fp/hard\libc_nano.a(libc_a-msizer.o)
                0x0800be8c                _malloc_usable_size_r
 .text.__swhatbuf_r
                0x0800be9c       0x4c C:/ST/STM32CubeIDE_1.19.0/STM32CubeIDE/plugins/com.st.stm32cube.ide.mcu.externaltools.gnu-tools-for-stm32.13.3.rel1.win32_1.0.0.202411081344/tools/bin/../lib/gcc/arm-none-eabi/13.3.1/../../../../arm-none-eabi/lib/thumb/v7e-m+fp/hard\libc_nano.a(libc_a-makebuf.o)
                0x0800be9c                __swhatbuf_r
 .text.__smakebuf_r
                0x0800bee8       0x78 C:/ST/STM32CubeIDE_1.19.0/STM32CubeIDE/plugins/com.st.stm32cube.ide.mcu.externaltools.gnu-tools-for-stm32.13.3.rel1.win32_1.0.0.202411081344/tools/bin/../lib/gcc/arm-none-eabi/13.3.1/../../../../arm-none-eabi/lib/thumb/v7e-m+fp/hard\libc_nano.a(libc_a-makebuf.o)
                0x0800bee8                __smakebuf_r
 .text._fstat_r
                0x0800bf60       0x24 C:/ST/STM32CubeIDE_1.19.0/STM32CubeIDE/plugins/com.st.stm32cube.ide.mcu.externaltools.gnu-tools-for-stm32.13.3.rel1.win32_1.0.0.202411081344/tools/bin/../lib/gcc/arm-none-eabi/13.3.1/../../../../arm-none-eabi/lib/thumb/v7e-m+fp/hard\libc_nano.a(libc_a-fstatr.o)
                0x0800bf60                _fstat_r
 .text._isatty_r
                0x0800bf84       0x20 C:/ST/STM32CubeIDE_1.19.0/STM32CubeIDE/plugins/com.st.stm32cube.ide.mcu.externaltools.gnu-tools-for-stm32.13.3.rel1.win32_1.0.0.202411081344/tools/bin/../lib/gcc/arm-none-eabi/13.3.1/../../../../arm-none-eabi/lib/thumb/v7e-m+fp/hard\libc_nano.a(libc_a-isattyr.o)
                0x0800bf84                _isatty_r
 *(.glue_7)
 .glue_7        0x0800bfa4        0x0 linker stubs
 *(.glue_7t)
 .glue_7t       0x0800bfa4        0x0 linker stubs
 *(.eh_frame)
 .eh_frame      0x0800bfa4        0x0 C:/ST/STM32CubeIDE_1.19.0/STM32CubeIDE/plugins/com.st.stm32cube.ide.mcu.externaltools.gnu-tools-for-stm32.13.3.rel1.win32_1.0.0.202411081344/tools/bin/../lib/gcc/arm-none-eabi/13.3.1/thumb/v7e-m+fp/hard/crtbegin.o
 *(.init)
 .init          0x0800bfa4        0x4 C:/ST/STM32CubeIDE_1.19.0/STM32CubeIDE/plugins/com.st.stm32cube.ide.mcu.externaltools.gnu-tools-for-stm32.13.3.rel1.win32_1.0.0.202411081344/tools/bin/../lib/gcc/arm-none-eabi/13.3.1/thumb/v7e-m+fp/hard/crti.o
                0x0800bfa4                _init
 .init          0x0800bfa8        0x8 C:/ST/STM32CubeIDE_1.19.0/STM32CubeIDE/plugins/com.st.stm32cube.ide.mcu.externaltools.gnu-tools-for-stm32.13.3.rel1.win32_1.0.0.202411081344/tools/bin/../lib/gcc/arm-none-eabi/13.3.1/thumb/v7e-m+fp/hard/crtn.o
 *(.fini)
 .fini          0x0800bfb0        0x4 C:/ST/STM32CubeIDE_1.19.0/STM32CubeIDE/plugins/com.st.stm32cube.ide.mcu.externaltools.gnu-tools-for-stm32.13.3.rel1.win32_1.0.0.202411081344/tools/bin/../lib/gcc/arm-none-eabi/13.3.1/thumb/v7e-m+fp/hard/crti.o
                0x0800bfb0                _fini
 .fini          0x0800bfb4        0x8 C:/ST/STM32CubeIDE_1.19.0/STM32CubeIDE/plugins/com.st.stm32cube.ide.mcu.externaltools.gnu-tools-for-stm32.13.3.rel1.win32_1.0.0.202411081344/tools/bin/../lib/gcc/arm-none-eabi/13.3.1/thumb/v7e-m+fp/hard/crtn.o
                0x0800bfbc                        . = ALIGN (0x4)
                0x0800bfbc                        _etext = .

.vfp11_veneer   0x0800bfbc        0x0
 .vfp11_veneer  0x0800bfbc        0x0 linker stubs

.v4_bx          0x0800bfbc        0x0
 .v4_bx         0x0800bfbc        0x0 linker stubs

.iplt           0x0800bfbc        0x0
 .iplt          0x0800bfbc        0x0 C:/ST/STM32CubeIDE_1.19.0/STM32CubeIDE/plugins/com.st.stm32cube.ide.mcu.externaltools.gnu-tools-for-stm32.13.3.rel1.win32_1.0.0.202411081344/tools/bin/../lib/gcc/arm-none-eabi/13.3.1/thumb/v7e-m+fp/hard/crtbegin.o

.rodata         0x0800bfbc     0x10c8
                0x0800bfbc                        . = ALIGN (0x4)
 *(.rodata)
 .rodata        0x0800bfbc       0x7e ./Core/Src/freertos.o
 *fill*         0x0800c03a        0x2 
 .rodata        0x0800c03c       0x17 ./Middlewares/Third_Party/FreeRTOS/Source/tasks.o
 *fill*         0x0800c053        0x1 
 .rodata        0x0800c054        0xd ./Middlewares/Third_Party/FreeRTOS/Source/timers.o
 *fill*         0x0800c061        0x3 
 .rodata        0x0800c064       0x41 ./Middlewares/Third_Party/SEGGER/Config/SEGGER_SYSVIEW_Config_FreeRTOS.o
 *fill*         0x0800c0a5        0x3 
 .rodata        0x0800c0a8       0x58 ./Middlewares/Third_Party/SEGGER/OS/SEGGER_SYSVIEW_FreeRTOS.o
 .rodata        0x0800c100       0x17 ./Middlewares/Third_Party/SEGGER/SEGGER/SEGGER_RTT.o
 *fill*         0x0800c117        0x1 
 .rodata        0x0800c118        0x8 ./Middlewares/Third_Party/SEGGER/SEGGER/SEGGER_SYSVIEW.o
 *(.rodata*)
 .rodata.defaultTask_attributes
                0x0800c120       0x24 ./Core/Src/freertos.o
                0x0800c120                defaultTask_attributes
 .rodata.GameLogic_attributes
                0x0800c144       0x24 ./Core/Src/freertos.o
                0x0800c144                GameLogic_attributes
 .rodata.Stick_attributes
                0x0800c168       0x24 ./Core/Src/freertos.o
                0x0800c168                Stick_attributes
 .rodata.Screen_attributes
                0x0800c18c       0x24 ./Core/Src/freertos.o
                0x0800c18c                Screen_attributes
 .rodata.Command_attributes
                0x0800c1b0       0x18 ./Core/Src/freertos.o
                0x0800c1b0                Command_attributes
 .rodata.MutexForScreen_attributes
                0x0800c1c8       0x10 ./Core/Src/freertos.o
                0x0800c1c8                MutexForScreen_attributes
 .rodata.ContinueGame_attributes
                0x0800c1d8       0x10 ./Core/Src/freertos.o
                0x0800c1d8                ContinueGame_attributes
 .rodata.NewScreen_attributes
                0x0800c1e8       0x10 ./Core/Src/freertos.o
                0x0800c1e8                NewScreen_attributes
 .rodata.GameOver_attributes
                0x0800c1f8       0x10 ./Core/Src/freertos.o
                0x0800c1f8                GameOver_attributes
 .rodata.Font11x18
                0x0800c208      0xd5c ./Core/Src/ssd1306_fonts.o
 .rodata.Font_11x18
                0x0800cf64        0xc ./Core/Src/ssd1306_fonts.o
                0x0800cf64                Font_11x18
 .rodata.AHBPrescTable
                0x0800cf70       0x10 ./Core/Src/system_stm32f4xx.o
                0x0800cf70                AHBPrescTable
 .rodata.APBPrescTable
                0x0800cf80        0x8 ./Core/Src/system_stm32f4xx.o
                0x0800cf80                APBPrescTable
 .rodata.flagBitshiftOffset.0
                0x0800cf88        0x8 ./Drivers/STM32F4xx_HAL_Driver/Src/stm32f4xx_hal_dma.o
 .rodata.SYSVIEW_X_OS_TraceAPI
                0x0800cf90        0x8 ./Middlewares/Third_Party/SEGGER/OS/SEGGER_SYSVIEW_FreeRTOS.o
                0x0800cf90                SYSVIEW_X_OS_TraceAPI
 .rodata._abHelloMsg
                0x0800cf98        0x4 ./Middlewares/Third_Party/SEGGER/Rec/HIF_UART.o
 .rodata._abSync
                0x0800cf9c        0xa ./Middlewares/Third_Party/SEGGER/SEGGER/SEGGER_SYSVIEW.o
 .rodata.srand.str1.1
                0x0800cfa6       0xde C:/ST/STM32CubeIDE_1.19.0/STM32CubeIDE/plugins/com.st.stm32cube.ide.mcu.externaltools.gnu-tools-for-stm32.13.3.rel1.win32_1.0.0.202411081344/tools/bin/../lib/gcc/arm-none-eabi/13.3.1/../../../../arm-none-eabi/lib/thumb/v7e-m+fp/hard\libc_nano.a(libc_a-rand.o)
                                 0x6f (size before relaxing)
 .rodata.__assert_func.str1.1
                0x0800d084       0x3d C:/ST/STM32CubeIDE_1.19.0/STM32CubeIDE/plugins/com.st.stm32cube.ide.mcu.externaltools.gnu-tools-for-stm32.13.3.rel1.win32_1.0.0.202411081344/tools/bin/../lib/gcc/arm-none-eabi/13.3.1/../../../../arm-none-eabi/lib/thumb/v7e-m+fp/hard\libc_nano.a(libc_a-assert.o)
 .rodata._svfprintf_r.str1.1
                0x0800d084       0x11 C:/ST/STM32CubeIDE_1.19.0/STM32CubeIDE/plugins/com.st.stm32cube.ide.mcu.externaltools.gnu-tools-for-stm32.13.3.rel1.win32_1.0.0.202411081344/tools/bin/../lib/gcc/arm-none-eabi/13.3.1/../../../../arm-none-eabi/lib/thumb/v7e-m+fp/hard\libc_nano.a(libc_a-nano-svfprintf.o)
 .rodata._printf_i.str1.1
                0x0800d084       0x22 C:/ST/STM32CubeIDE_1.19.0/STM32CubeIDE/plugins/com.st.stm32cube.ide.mcu.externaltools.gnu-tools-for-stm32.13.3.rel1.win32_1.0.0.202411081344/tools/bin/../lib/gcc/arm-none-eabi/13.3.1/../../../../arm-none-eabi/lib/thumb/v7e-m+fp/hard\libc_nano.a(libc_a-nano-vfprintf_i.o)
 .rodata._vfprintf_r.str1.1
                0x0800d084       0x11 C:/ST/STM32CubeIDE_1.19.0/STM32CubeIDE/plugins/com.st.stm32cube.ide.mcu.externaltools.gnu-tools-for-stm32.13.3.rel1.win32_1.0.0.202411081344/tools/bin/../lib/gcc/arm-none-eabi/13.3.1/../../../../arm-none-eabi/lib/thumb/v7e-m+fp/hard\libc_nano.a(libc_a-nano-vfprintf.o)
                0x0800d0c4                        . = ALIGN (0x4)

.ARM.extab      0x0800d084        0x0
                0x0800d084                        . = ALIGN (0x4)
 *(.ARM.extab* .gnu.linkonce.armextab.*)
                0x0800d084                        . = ALIGN (0x4)

.ARM            0x0800d084        0x8
                0x0800d084                        . = ALIGN (0x4)
                0x0800d084                        __exidx_start = .
 *(.ARM.exidx*)
 .ARM.exidx     0x0800d084        0x8 C:/ST/STM32CubeIDE_1.19.0/STM32CubeIDE/plugins/com.st.stm32cube.ide.mcu.externaltools.gnu-tools-for-stm32.13.3.rel1.win32_1.0.0.202411081344/tools/bin/../lib/gcc/arm-none-eabi/13.3.1/../../../../arm-none-eabi/lib/thumb/v7e-m+fp/hard\libc_nano.a(libc_a-memchr.o)
 .ARM.exidx     0x0800d08c        0x0 C:/ST/STM32CubeIDE_1.19.0/STM32CubeIDE/plugins/com.st.stm32cube.ide.mcu.externaltools.gnu-tools-for-stm32.13.3.rel1.win32_1.0.0.202411081344/tools/bin/../lib/gcc/arm-none-eabi/13.3.1/thumb/v7e-m+fp/hard\libgcc.a(_udivmoddi4.o)
                                  0x8 (size before relaxing)
                0x0800d08c                        __exidx_end = .
                0x0800d08c                        . = ALIGN (0x4)

.preinit_array  0x0800d08c        0x0
                0x0800d08c                        . = ALIGN (0x4)
                0x0800d08c                        PROVIDE (__preinit_array_start = .)
 *(.preinit_array*)
                0x0800d08c                        PROVIDE (__preinit_array_end = .)
                0x0800d08c                        . = ALIGN (0x4)

.init_array     0x0800d08c        0x4
                0x0800d08c                        . = ALIGN (0x4)
                0x0800d08c                        PROVIDE (__init_array_start = .)
 *(SORT_BY_NAME(.init_array.*))
 *(.init_array*)
 .init_array    0x0800d08c        0x4 C:/ST/STM32CubeIDE_1.19.0/STM32CubeIDE/plugins/com.st.stm32cube.ide.mcu.externaltools.gnu-tools-for-stm32.13.3.rel1.win32_1.0.0.202411081344/tools/bin/../lib/gcc/arm-none-eabi/13.3.1/thumb/v7e-m+fp/hard/crtbegin.o
                0x0800d090                        PROVIDE (__init_array_end = .)
                0x0800d090                        . = ALIGN (0x4)

.fini_array     0x0800d090        0x4
                0x0800d090                        . = ALIGN (0x4)
                [!provide]                        PROVIDE (__fini_array_start = .)
 *(SORT_BY_NAME(.fini_array.*))
 *(.fini_array*)
 .fini_array    0x0800d090        0x4 C:/ST/STM32CubeIDE_1.19.0/STM32CubeIDE/plugins/com.st.stm32cube.ide.mcu.externaltools.gnu-tools-for-stm32.13.3.rel1.win32_1.0.0.202411081344/tools/bin/../lib/gcc/arm-none-eabi/13.3.1/thumb/v7e-m+fp/hard/crtbegin.o
                [!provide]                        PROVIDE (__fini_array_end = .)
                0x0800d094                        . = ALIGN (0x4)
                0x0800d094                        _sidata = LOADADDR (.data)

.rel.dyn        0x0800d094        0x0
 .rel.iplt      0x0800d094        0x0 C:/ST/STM32CubeIDE_1.19.0/STM32CubeIDE/plugins/com.st.stm32cube.ide.mcu.externaltools.gnu-tools-for-stm32.13.3.rel1.win32_1.0.0.202411081344/tools/bin/../lib/gcc/arm-none-eabi/13.3.1/thumb/v7e-m+fp/hard/crtbegin.o

.data           0x20000000       0x78 load address 0x0800d094
                0x20000000                        . = ALIGN (0x4)
                0x20000000                        _sdata = .
 *(.data)
 *(.data*)
 .data.mySnake  0x20000000        0x4 ./Core/Src/freertos.o
                0x20000000                mySnake
 .data.SystemCoreClock
                0x20000004        0x4 ./Core/Src/system_stm32f4xx.o
                0x20000004                SystemCoreClock
 .data.uwTickPrio
                0x20000008        0x4 ./Drivers/STM32F4xx_HAL_Driver/Src/stm32f4xx_hal.o
                0x20000008                uwTickPrio
 .data.uwTickFreq
                0x2000000c        0x1 ./Drivers/STM32F4xx_HAL_Driver/Src/stm32f4xx_hal.o
                0x2000000c                uwTickFreq
 *fill*         0x2000000d        0x3 
 .data.uxCriticalNesting
                0x20000010        0x4 ./Middlewares/Third_Party/FreeRTOS/Source/portable/GCC/ARM_CM4F/port.o
 .data._SVInfo  0x20000014        0x8 ./Middlewares/Third_Party/SEGGER/Rec/HIF_UART.o
 .data.__sglue  0x2000001c        0xc C:/ST/STM32CubeIDE_1.19.0/STM32CubeIDE/plugins/com.st.stm32cube.ide.mcu.externaltools.gnu-tools-for-stm32.13.3.rel1.win32_1.0.0.202411081344/tools/bin/../lib/gcc/arm-none-eabi/13.3.1/../../../../arm-none-eabi/lib/thumb/v7e-m+fp/hard\libc_nano.a(libc_a-findfp.o)
                0x2000001c                __sglue
 .data._impure_ptr
                0x20000028        0x4 C:/ST/STM32CubeIDE_1.19.0/STM32CubeIDE/plugins/com.st.stm32cube.ide.mcu.externaltools.gnu-tools-for-stm32.13.3.rel1.win32_1.0.0.202411081344/tools/bin/../lib/gcc/arm-none-eabi/13.3.1/../../../../arm-none-eabi/lib/thumb/v7e-m+fp/hard\libc_nano.a(libc_a-impure.o)
                0x20000028                _impure_ptr
 .data._impure_data
                0x2000002c       0x4c C:/ST/STM32CubeIDE_1.19.0/STM32CubeIDE/plugins/com.st.stm32cube.ide.mcu.externaltools.gnu-tools-for-stm32.13.3.rel1.win32_1.0.0.202411081344/tools/bin/../lib/gcc/arm-none-eabi/13.3.1/../../../../arm-none-eabi/lib/thumb/v7e-m+fp/hard\libc_nano.a(libc_a-impure.o)
                0x2000002c                _impure_data
 *(.RamFunc)
 *(.RamFunc*)
                0x20000078                        . = ALIGN (0x4)
                0x20000078                        _edata = .

.igot.plt       0x20000078        0x0 load address 0x0800d10c
 .igot.plt      0x20000078        0x0 C:/ST/STM32CubeIDE_1.19.0/STM32CubeIDE/plugins/com.st.stm32cube.ide.mcu.externaltools.gnu-tools-for-stm32.13.3.rel1.win32_1.0.0.202411081344/tools/bin/../lib/gcc/arm-none-eabi/13.3.1/thumb/v7e-m+fp/hard/crtbegin.o
                0x20000078                        . = ALIGN (0x4)

.bss            0x20000078     0x67b0 load address 0x0800d10c
                0x20000078                        _sbss = .
                0x20000078                        __bss_start__ = _sbss
 *(.bss)
 .bss           0x20000078       0x1c C:/ST/STM32CubeIDE_1.19.0/STM32CubeIDE/plugins/com.st.stm32cube.ide.mcu.externaltools.gnu-tools-for-stm32.13.3.rel1.win32_1.0.0.202411081344/tools/bin/../lib/gcc/arm-none-eabi/13.3.1/thumb/v7e-m+fp/hard/crtbegin.o
 *(.bss*)
 .bss.hadc1     0x20000094       0x48 ./Core/Src/adc.o
                0x20000094                hadc1
 .bss.hdma_adc1
                0x200000dc       0x60 ./Core/Src/adc.o
                0x200000dc                hdma_adc1
 .bss.gSnakeObj
                0x2000013c       0x1c ./Core/Src/freertos.o
                0x2000013c                gSnakeObj
 .bss.adc_buf   0x20000158        0x4 ./Core/Src/freertos.o
                0x20000158                adc_buf
 .bss.defaultTaskHandle
                0x2000015c        0x4 ./Core/Src/freertos.o
                0x2000015c                defaultTaskHandle
 .bss.GameLogicHandle
                0x20000160        0x4 ./Core/Src/freertos.o
                0x20000160                GameLogicHandle
 .bss.StickHandle
                0x20000164        0x4 ./Core/Src/freertos.o
                0x20000164                StickHandle
 .bss.ScreenHandle
                0x20000168        0x4 ./Core/Src/freertos.o
                0x20000168                ScreenHandle
 .bss.CommandHandle
                0x2000016c        0x4 ./Core/Src/freertos.o
                0x2000016c                CommandHandle
 .bss.MutexForScreenHandle
                0x20000170        0x4 ./Core/Src/freertos.o
                0x20000170                MutexForScreenHandle
 .bss.ContinueGameHandle
                0x20000174        0x4 ./Core/Src/freertos.o
                0x20000174                ContinueGameHandle
 .bss.NewScreenHandle
                0x20000178        0x4 ./Core/Src/freertos.o
                0x20000178                NewScreenHandle
 .bss.GameOverHandle
                0x2000017c        0x4 ./Core/Src/freertos.o
                0x2000017c                GameOverHandle
 .bss.hi2c1     0x20000180       0x54 ./Core/Src/i2c.o
                0x20000180                hi2c1
 .bss.SSD1306_Buffer
                0x200001d4      0x400 ./Core/Src/ssd1306.o
 .bss.SSD1306   0x200005d4        0x6 ./Core/Src/ssd1306.o
 *fill*         0x200005da        0x2 
 .bss.htim1     0x200005dc       0x48 ./Core/Src/stm32f4xx_hal_timebase_tim.o
                0x200005dc                htim1
 .bss.__sbrk_heap_end
                0x20000624        0x4 ./Core/Src/sysmem.o
 .bss.huart2    0x20000628       0x48 ./Core/Src/usart.o
                0x20000628                huart2
 .bss.uwTick    0x20000670        0x4 ./Drivers/STM32F4xx_HAL_Driver/Src/stm32f4xx_hal.o
                0x20000670                uwTick
 .bss.KernelState
                0x20000674        0x4 ./Middlewares/Third_Party/FreeRTOS/Source/CMSIS_RTOS_V2/cmsis_os2.o
 .bss.Idle_TCB.3
                0x20000678       0xa8 ./Middlewares/Third_Party/FreeRTOS/Source/CMSIS_RTOS_V2/cmsis_os2.o
 .bss.Idle_Stack.2
                0x20000720      0x200 ./Middlewares/Third_Party/FreeRTOS/Source/CMSIS_RTOS_V2/cmsis_os2.o
 .bss.Timer_TCB.1
                0x20000920       0xa8 ./Middlewares/Third_Party/FreeRTOS/Source/CMSIS_RTOS_V2/cmsis_os2.o
 .bss.Timer_Stack.0
                0x200009c8      0x400 ./Middlewares/Third_Party/FreeRTOS/Source/CMSIS_RTOS_V2/cmsis_os2.o
 .bss.xQueueRegistry